Archive member included because of file (symbol)

e:/es diploma/tools/imt_sdk_win_64/imt_sdk_win_64/winavr/bin/../lib/gcc/avr/4.3.3/avr5\libgcc.a(_mulsi3.o)
                              ./HAL/LCD/LCD_prog.o (__mulsi3)
e:/es diploma/tools/imt_sdk_win_64/imt_sdk_win_64/winavr/bin/../lib/gcc/avr/4.3.3/avr5\libgcc.a(_divmodsi4.o)
                              ./HAL/LCD/LCD_prog.o (__divmodsi4)
e:/es diploma/tools/imt_sdk_win_64/imt_sdk_win_64/winavr/bin/../lib/gcc/avr/4.3.3/avr5\libgcc.a(_exit.o)
                              e:/es diploma/tools/imt_sdk_win_64/imt_sdk_win_64/winavr/bin/../lib/gcc/avr/4.3.3/../../../../avr/lib/avr5/crtm32.o (exit)
e:/es diploma/tools/imt_sdk_win_64/imt_sdk_win_64/winavr/bin/../lib/gcc/avr/4.3.3/avr5\libgcc.a(_copy_data.o)
                              ./HAL/KPAD/KPAD_porg.o (__do_copy_data)
e:/es diploma/tools/imt_sdk_win_64/imt_sdk_win_64/winavr/bin/../lib/gcc/avr/4.3.3/avr5\libgcc.a(_clear_bss.o)
                              ./MCAL/TIMERS/TIMER0/TIMER0_prog.o (__do_clear_bss)
e:/es diploma/tools/imt_sdk_win_64/imt_sdk_win_64/winavr/bin/../lib/gcc/avr/4.3.3/avr5\libgcc.a(_fixunssfsi.o)
                              ./HAL/LCD/LCD_prog.o (__fixunssfsi)
e:/es diploma/tools/imt_sdk_win_64/imt_sdk_win_64/winavr/bin/../lib/gcc/avr/4.3.3/avr5\libgcc.a(_addsub_sf.o)
                              e:/es diploma/tools/imt_sdk_win_64/imt_sdk_win_64/winavr/bin/../lib/gcc/avr/4.3.3/avr5\libgcc.a(_fixunssfsi.o) (__subsf3)
e:/es diploma/tools/imt_sdk_win_64/imt_sdk_win_64/winavr/bin/../lib/gcc/avr/4.3.3/avr5\libgcc.a(_mul_sf.o)
                              ./HAL/LCD/LCD_prog.o (__mulsf3)
e:/es diploma/tools/imt_sdk_win_64/imt_sdk_win_64/winavr/bin/../lib/gcc/avr/4.3.3/avr5\libgcc.a(_gt_sf.o)
                              ./HAL/LCD/LCD_prog.o (__gtsf2)
e:/es diploma/tools/imt_sdk_win_64/imt_sdk_win_64/winavr/bin/../lib/gcc/avr/4.3.3/avr5\libgcc.a(_ge_sf.o)
                              e:/es diploma/tools/imt_sdk_win_64/imt_sdk_win_64/winavr/bin/../lib/gcc/avr/4.3.3/avr5\libgcc.a(_fixunssfsi.o) (__gesf2)
e:/es diploma/tools/imt_sdk_win_64/imt_sdk_win_64/winavr/bin/../lib/gcc/avr/4.3.3/avr5\libgcc.a(_lt_sf.o)
                              ./HAL/LCD/LCD_prog.o (__ltsf2)
e:/es diploma/tools/imt_sdk_win_64/imt_sdk_win_64/winavr/bin/../lib/gcc/avr/4.3.3/avr5\libgcc.a(_sf_to_si.o)
                              e:/es diploma/tools/imt_sdk_win_64/imt_sdk_win_64/winavr/bin/../lib/gcc/avr/4.3.3/avr5\libgcc.a(_fixunssfsi.o) (__fixsfsi)
e:/es diploma/tools/imt_sdk_win_64/imt_sdk_win_64/winavr/bin/../lib/gcc/avr/4.3.3/avr5\libgcc.a(_thenan_sf.o)
                              e:/es diploma/tools/imt_sdk_win_64/imt_sdk_win_64/winavr/bin/../lib/gcc/avr/4.3.3/avr5\libgcc.a(_addsub_sf.o) (__thenan_sf)
e:/es diploma/tools/imt_sdk_win_64/imt_sdk_win_64/winavr/bin/../lib/gcc/avr/4.3.3/avr5\libgcc.a(_udivmodsi4.o)
                              e:/es diploma/tools/imt_sdk_win_64/imt_sdk_win_64/winavr/bin/../lib/gcc/avr/4.3.3/avr5\libgcc.a(_divmodsi4.o) (__udivmodsi4)
e:/es diploma/tools/imt_sdk_win_64/imt_sdk_win_64/winavr/bin/../lib/gcc/avr/4.3.3/avr5\libgcc.a(_prologue.o)
                              e:/es diploma/tools/imt_sdk_win_64/imt_sdk_win_64/winavr/bin/../lib/gcc/avr/4.3.3/avr5\libgcc.a(_addsub_sf.o) (__prologue_saves__)
e:/es diploma/tools/imt_sdk_win_64/imt_sdk_win_64/winavr/bin/../lib/gcc/avr/4.3.3/avr5\libgcc.a(_epilogue.o)
                              e:/es diploma/tools/imt_sdk_win_64/imt_sdk_win_64/winavr/bin/../lib/gcc/avr/4.3.3/avr5\libgcc.a(_addsub_sf.o) (__epilogue_restores__)
e:/es diploma/tools/imt_sdk_win_64/imt_sdk_win_64/winavr/bin/../lib/gcc/avr/4.3.3/avr5\libgcc.a(_pack_sf.o)
                              e:/es diploma/tools/imt_sdk_win_64/imt_sdk_win_64/winavr/bin/../lib/gcc/avr/4.3.3/avr5\libgcc.a(_addsub_sf.o) (__pack_f)
e:/es diploma/tools/imt_sdk_win_64/imt_sdk_win_64/winavr/bin/../lib/gcc/avr/4.3.3/avr5\libgcc.a(_unpack_sf.o)
                              e:/es diploma/tools/imt_sdk_win_64/imt_sdk_win_64/winavr/bin/../lib/gcc/avr/4.3.3/avr5\libgcc.a(_addsub_sf.o) (__unpack_f)
e:/es diploma/tools/imt_sdk_win_64/imt_sdk_win_64/winavr/bin/../lib/gcc/avr/4.3.3/avr5\libgcc.a(_fpcmp_parts_sf.o)
                              e:/es diploma/tools/imt_sdk_win_64/imt_sdk_win_64/winavr/bin/../lib/gcc/avr/4.3.3/avr5\libgcc.a(_gt_sf.o) (__fpcmp_parts_f)

Memory Configuration

Name             Origin             Length             Attributes
text             0x00000000         0x00020000         xr
data             0x00800060         0x0000ffa0         rw !x
eeprom           0x00810000         0x00010000         rw !x
fuse             0x00820000         0x00000400         rw !x
lock             0x00830000         0x00000400         rw !x
signature        0x00840000         0x00000400         rw !x
*default*        0x00000000         0xffffffff

Linker script and memory map

LOAD e:/es diploma/tools/imt_sdk_win_64/imt_sdk_win_64/winavr/bin/../lib/gcc/avr/4.3.3/../../../../avr/lib/avr5/crtm32.o
LOAD ./MCAL/WD_TIMER/WD_TIMER_prog.o
LOAD ./MCAL/USART/USART_prog.o
LOAD ./MCAL/TIMERS/TIMER1/TIMER1_prog.o
LOAD ./MCAL/TIMERS/TIMER0/TIMER0_prog.o
LOAD ./MCAL/SPI/SPI_prog.o
LOAD ./MCAL/I2C/I2C_prog.o
LOAD ./MCAL/GIE/GIE_prog.o
LOAD ./MCAL/EXTI/EXTI_prog.o
LOAD ./MCAL/DIO/DIO_prog.o
LOAD ./MCAL/ADC/ADC_prog.o
LOAD ./HAL/SVN_SEGMENTS/SvnSeg_porg.o
LOAD ./HAL/LCD/LCD_prog.o
LOAD ./HAL/KPAD/KPAD_porg.o
LOAD ./HAL/H_BRIDGE/H_BRIDGE_prog.o
LOAD ./HAL/EEPROM/EEPROM_prog.o
LOAD ./main.o
LOAD e:/es diploma/tools/imt_sdk_win_64/imt_sdk_win_64/winavr/bin/../lib/gcc/avr/4.3.3/avr5\libgcc.a
LOAD e:/es diploma/tools/imt_sdk_win_64/imt_sdk_win_64/winavr/bin/../lib/gcc/avr/4.3.3/../../../../avr/lib/avr5\libc.a
LOAD e:/es diploma/tools/imt_sdk_win_64/imt_sdk_win_64/winavr/bin/../lib/gcc/avr/4.3.3/avr5\libgcc.a

.hash
 *(.hash)

.dynsym
 *(.dynsym)

.dynstr
 *(.dynstr)

.gnu.version
 *(.gnu.version)

.gnu.version_d
 *(.gnu.version_d)

.gnu.version_r
 *(.gnu.version_r)

.rel.init
 *(.rel.init)

.rela.init
 *(.rela.init)

.rel.text
 *(.rel.text)
 *(.rel.text.*)
 *(.rel.gnu.linkonce.t*)

.rela.text
 *(.rela.text)
 *(.rela.text.*)
 *(.rela.gnu.linkonce.t*)

.rel.fini
 *(.rel.fini)

.rela.fini
 *(.rela.fini)

.rel.rodata
 *(.rel.rodata)
 *(.rel.rodata.*)
 *(.rel.gnu.linkonce.r*)

.rela.rodata
 *(.rela.rodata)
 *(.rela.rodata.*)
 *(.rela.gnu.linkonce.r*)

.rel.data
 *(.rel.data)
 *(.rel.data.*)
 *(.rel.gnu.linkonce.d*)

.rela.data
 *(.rela.data)
 *(.rela.data.*)
 *(.rela.gnu.linkonce.d*)

.rel.ctors
 *(.rel.ctors)

.rela.ctors
 *(.rela.ctors)

.rel.dtors
 *(.rel.dtors)

.rela.dtors
 *(.rela.dtors)

.rel.got
 *(.rel.got)

.rela.got
 *(.rela.got)

.rel.bss
 *(.rel.bss)

.rela.bss
 *(.rela.bss)

.rel.plt
 *(.rel.plt)

.rela.plt
 *(.rela.plt)

.text           0x00000000     0x317a
 *(.vectors)
 .vectors       0x00000000       0x54 e:/es diploma/tools/imt_sdk_win_64/imt_sdk_win_64/winavr/bin/../lib/gcc/avr/4.3.3/../../../../avr/lib/avr5/crtm32.o
                0x00000000                __vectors
                0x00000000                __vector_default
 *(.vectors)
 *(.progmem.gcc*)
 *(.progmem*)
                0x00000054                . = ALIGN (0x2)
                0x00000054                __trampolines_start = .
 *(.trampolines)
 .trampolines   0x00000054        0x0 linker stubs
 *(.trampolines*)
                0x00000054                __trampolines_end = .
 *(.jumptables)
 *(.jumptables*)
 *(.lowtext)
 *(.lowtext*)
                0x00000054                __ctors_start = .
 *(.ctors)
                0x00000054                __ctors_end = .
                0x00000054                __dtors_start = .
 *(.dtors)
                0x00000054                __dtors_end = .
 SORT(*)(.ctors)
 SORT(*)(.dtors)
 *(.init0)
 .init0         0x00000054        0x0 e:/es diploma/tools/imt_sdk_win_64/imt_sdk_win_64/winavr/bin/../lib/gcc/avr/4.3.3/../../../../avr/lib/avr5/crtm32.o
                0x00000054                __init
 *(.init0)
 *(.init1)
 *(.init1)
 *(.init2)
 .init2         0x00000054        0xc e:/es diploma/tools/imt_sdk_win_64/imt_sdk_win_64/winavr/bin/../lib/gcc/avr/4.3.3/../../../../avr/lib/avr5/crtm32.o
 *(.init2)
 *(.init3)
 *(.init3)
 *(.init4)
 .init4         0x00000060       0x16 e:/es diploma/tools/imt_sdk_win_64/imt_sdk_win_64/winavr/bin/../lib/gcc/avr/4.3.3/avr5\libgcc.a(_copy_data.o)
                0x00000060                __do_copy_data
 .init4         0x00000076       0x10 e:/es diploma/tools/imt_sdk_win_64/imt_sdk_win_64/winavr/bin/../lib/gcc/avr/4.3.3/avr5\libgcc.a(_clear_bss.o)
                0x00000076                __do_clear_bss
 *(.init4)
 *(.init5)
 *(.init5)
 *(.init6)
 *(.init6)
 *(.init7)
 *(.init7)
 *(.init8)
 *(.init8)
 *(.init9)
 .init9         0x00000086        0x8 e:/es diploma/tools/imt_sdk_win_64/imt_sdk_win_64/winavr/bin/../lib/gcc/avr/4.3.3/../../../../avr/lib/avr5/crtm32.o
 *(.init9)
 *(.text)
 .text          0x0000008e        0x4 e:/es diploma/tools/imt_sdk_win_64/imt_sdk_win_64/winavr/bin/../lib/gcc/avr/4.3.3/../../../../avr/lib/avr5/crtm32.o
                0x0000008e                __vector_1
                0x0000008e                __vector_12
                0x0000008e                __bad_interrupt
                0x0000008e                __vector_6
                0x0000008e                __vector_3
                0x0000008e                __vector_13
                0x0000008e                __vector_17
                0x0000008e                __vector_19
                0x0000008e                __vector_7
                0x0000008e                __vector_5
                0x0000008e                __vector_4
                0x0000008e                __vector_9
                0x0000008e                __vector_2
                0x0000008e                __vector_15
                0x0000008e                __vector_8
                0x0000008e                __vector_14
                0x0000008e                __vector_16
                0x0000008e                __vector_18
                0x0000008e                __vector_20
 .text          0x00000092        0x0 ./MCAL/WD_TIMER/WD_TIMER_prog.o
 .text          0x00000092        0x0 ./MCAL/USART/USART_prog.o
 .text          0x00000092        0x0 ./MCAL/TIMERS/TIMER1/TIMER1_prog.o
 .text          0x00000092        0x0 ./MCAL/TIMERS/TIMER0/TIMER0_prog.o
 .text          0x00000092        0x0 ./MCAL/SPI/SPI_prog.o
 .text          0x00000092        0x0 ./MCAL/I2C/I2C_prog.o
 .text          0x00000092        0x0 ./MCAL/GIE/GIE_prog.o
 .text          0x00000092        0x0 ./MCAL/EXTI/EXTI_prog.o
 .text          0x00000092        0x0 ./MCAL/DIO/DIO_prog.o
 .text          0x00000092        0x0 ./MCAL/ADC/ADC_prog.o
 .text          0x00000092        0x0 ./HAL/SVN_SEGMENTS/SvnSeg_porg.o
 .text          0x00000092        0x0 ./HAL/LCD/LCD_prog.o
 .text          0x00000092        0x0 ./HAL/KPAD/KPAD_porg.o
 .text          0x00000092        0x0 ./HAL/H_BRIDGE/H_BRIDGE_prog.o
 .text          0x00000092        0x0 ./HAL/EEPROM/EEPROM_prog.o
 .text          0x00000092        0x0 ./main.o
 .text          0x00000092        0x0 e:/es diploma/tools/imt_sdk_win_64/imt_sdk_win_64/winavr/bin/../lib/gcc/avr/4.3.3/avr5\libgcc.a(_mulsi3.o)
 .text          0x00000092        0x0 e:/es diploma/tools/imt_sdk_win_64/imt_sdk_win_64/winavr/bin/../lib/gcc/avr/4.3.3/avr5\libgcc.a(_divmodsi4.o)
 .text          0x00000092        0x0 e:/es diploma/tools/imt_sdk_win_64/imt_sdk_win_64/winavr/bin/../lib/gcc/avr/4.3.3/avr5\libgcc.a(_exit.o)
 .text          0x00000092        0x0 e:/es diploma/tools/imt_sdk_win_64/imt_sdk_win_64/winavr/bin/../lib/gcc/avr/4.3.3/avr5\libgcc.a(_copy_data.o)
 .text          0x00000092        0x0 e:/es diploma/tools/imt_sdk_win_64/imt_sdk_win_64/winavr/bin/../lib/gcc/avr/4.3.3/avr5\libgcc.a(_clear_bss.o)
 .text          0x00000092       0x58 e:/es diploma/tools/imt_sdk_win_64/imt_sdk_win_64/winavr/bin/../lib/gcc/avr/4.3.3/avr5\libgcc.a(_fixunssfsi.o)
                0x00000092                __fixunssfsi
 .text          0x000000ea      0x354 e:/es diploma/tools/imt_sdk_win_64/imt_sdk_win_64/winavr/bin/../lib/gcc/avr/4.3.3/avr5\libgcc.a(_addsub_sf.o)
                0x00000382                __subsf3
                0x000003e4                __addsf3
 .text          0x0000043e      0x1f4 e:/es diploma/tools/imt_sdk_win_64/imt_sdk_win_64/winavr/bin/../lib/gcc/avr/4.3.3/avr5\libgcc.a(_mul_sf.o)
                0x0000043e                __mulsf3
 .text          0x00000632       0x60 e:/es diploma/tools/imt_sdk_win_64/imt_sdk_win_64/winavr/bin/../lib/gcc/avr/4.3.3/avr5\libgcc.a(_gt_sf.o)
                0x00000632                __gtsf2
 .text          0x00000692       0x60 e:/es diploma/tools/imt_sdk_win_64/imt_sdk_win_64/winavr/bin/../lib/gcc/avr/4.3.3/avr5\libgcc.a(_ge_sf.o)
                0x00000692                __gesf2
 .text          0x000006f2       0x60 e:/es diploma/tools/imt_sdk_win_64/imt_sdk_win_64/winavr/bin/../lib/gcc/avr/4.3.3/avr5\libgcc.a(_lt_sf.o)
                0x000006f2                __ltsf2
 .text          0x00000752       0xa8 e:/es diploma/tools/imt_sdk_win_64/imt_sdk_win_64/winavr/bin/../lib/gcc/avr/4.3.3/avr5\libgcc.a(_sf_to_si.o)
                0x00000752                __fixsfsi
 .text          0x000007fa        0x0 e:/es diploma/tools/imt_sdk_win_64/imt_sdk_win_64/winavr/bin/../lib/gcc/avr/4.3.3/avr5\libgcc.a(_thenan_sf.o)
 .text          0x000007fa        0x0 e:/es diploma/tools/imt_sdk_win_64/imt_sdk_win_64/winavr/bin/../lib/gcc/avr/4.3.3/avr5\libgcc.a(_udivmodsi4.o)
 .text          0x000007fa        0x0 e:/es diploma/tools/imt_sdk_win_64/imt_sdk_win_64/winavr/bin/../lib/gcc/avr/4.3.3/avr5\libgcc.a(_prologue.o)
 .text          0x000007fa        0x0 e:/es diploma/tools/imt_sdk_win_64/imt_sdk_win_64/winavr/bin/../lib/gcc/avr/4.3.3/avr5\libgcc.a(_epilogue.o)
 .text          0x000007fa      0x1aa e:/es diploma/tools/imt_sdk_win_64/imt_sdk_win_64/winavr/bin/../lib/gcc/avr/4.3.3/avr5\libgcc.a(_pack_sf.o)
                0x000007fa                __pack_f
 .text          0x000009a4       0xf0 e:/es diploma/tools/imt_sdk_win_64/imt_sdk_win_64/winavr/bin/../lib/gcc/avr/4.3.3/avr5\libgcc.a(_unpack_sf.o)
                0x000009a4                __unpack_f
 .text          0x00000a94       0xb2 e:/es diploma/tools/imt_sdk_win_64/imt_sdk_win_64/winavr/bin/../lib/gcc/avr/4.3.3/avr5\libgcc.a(_fpcmp_parts_sf.o)
                0x00000a94                __fpcmp_parts_f
                0x00000b46                . = ALIGN (0x2)
 *(.text.*)
 .text.WDTCR_vdEnable
                0x00000b46       0x1c ./MCAL/WD_TIMER/WD_TIMER_prog.o
                0x00000b46                WDTCR_vdEnable
 .text.WDTCR_vdSetTime
                0x00000b62       0x40 ./MCAL/WD_TIMER/WD_TIMER_prog.o
                0x00000b62                WDTCR_vdSetTime
 .text.WDTCR_vdSleep
                0x00000ba2       0x1c ./MCAL/WD_TIMER/WD_TIMER_prog.o
                0x00000ba2                WDTCR_vdSleep
 .text.USART_vdInit
                0x00000bbe       0x48 ./MCAL/USART/USART_prog.o
                0x00000bbe                USART_vdInit
 .text.USART_vdSend
                0x00000c06       0x34 ./MCAL/USART/USART_prog.o
                0x00000c06                USART_vdSend
 .text.USART_vdRecieve
                0x00000c3a       0x28 ./MCAL/USART/USART_prog.o
                0x00000c3a                USART_vdRecieve
 .text.TIMER1_vdState
                0x00000c62       0x36 ./MCAL/TIMERS/TIMER1/TIMER1_prog.o
                0x00000c62                TIMER1_vdState
 .text.TIMER1_vdInit
                0x00000c98       0x7e ./MCAL/TIMERS/TIMER1/TIMER1_prog.o
                0x00000c98                TIMER1_vdInit
 .text.TIMER1_vdInterruptEnable
                0x00000d16       0x28 ./MCAL/TIMERS/TIMER1/TIMER1_prog.o
                0x00000d16                TIMER1_vdInterruptEnable
 .text.TIMER1_vdInterruptDisable
                0x00000d3e       0x2a ./MCAL/TIMERS/TIMER1/TIMER1_prog.o
                0x00000d3e                TIMER1_vdInterruptDisable
 .text.TIMER1_vdPreloading
                0x00000d68       0x20 ./MCAL/TIMERS/TIMER1/TIMER1_prog.o
                0x00000d68                TIMER1_vdPreloading
 .text.TIMER1_vdSetICRA
                0x00000d88       0x24 ./MCAL/TIMERS/TIMER1/TIMER1_prog.o
                0x00000d88                TIMER1_vdSetICRA
 .text.TIMER1_vdSetOCR1A
                0x00000dac       0x24 ./MCAL/TIMERS/TIMER1/TIMER1_prog.o
                0x00000dac                TIMER1_vdSetOCR1A
 .text.TIMER1_vdSetOCR1B
                0x00000dd0       0x20 ./MCAL/TIMERS/TIMER1/TIMER1_prog.o
                0x00000dd0                TIMER1_vdSetOCR1B
 .text.TIMER1_u8PoolFlag
                0x00000df0       0x3a ./MCAL/TIMERS/TIMER1/TIMER1_prog.o
                0x00000df0                TIMER1_u8PoolFlag
 .text.ICU_vdSelectEdge
                0x00000e2a       0x28 ./MCAL/TIMERS/TIMER1/TIMER1_prog.o
                0x00000e2a                ICU_vdSelectEdge
 .text.ICU_GetValue
                0x00000e52       0x24 ./MCAL/TIMERS/TIMER1/TIMER1_prog.o
                0x00000e52                ICU_GetValue
 .text.TIMER0_vdState
                0x00000e76       0x4e ./MCAL/TIMERS/TIMER0/TIMER0_prog.o
                0x00000e76                TIMER0_vdState
 .text.TIMER0_vdInit
                0x00000ec4       0x70 ./MCAL/TIMERS/TIMER0/TIMER0_prog.o
                0x00000ec4                TIMER0_vdInit
 .text.TIMER0_vdPreloading
                0x00000f34       0x1c ./MCAL/TIMERS/TIMER0/TIMER0_prog.o
                0x00000f34                TIMER0_vdPreloading
 .text.TIMER0_vdOutputCompareValue
                0x00000f50       0x1c ./MCAL/TIMERS/TIMER0/TIMER0_prog.o
                0x00000f50                TIMER0_vdOutputCompareValue
 .text.TIMER0_vdInterruptEnable
                0x00000f6c       0x40 ./MCAL/TIMERS/TIMER0/TIMER0_prog.o
                0x00000f6c                TIMER0_vdInterruptEnable
 .text.TIMER0_vdInterruptDisable
                0x00000fac       0x5c ./MCAL/TIMERS/TIMER0/TIMER0_prog.o
                0x00000fac                TIMER0_vdInterruptDisable
 .text.TIMER0_u8PoolFlag
                0x00001008       0x64 ./MCAL/TIMERS/TIMER0/TIMER0_prog.o
                0x00001008                TIMER0_u8PoolFlag
 .text.TIMER0_vdOverFlowCallback
                0x0000106c       0x24 ./MCAL/TIMERS/TIMER0/TIMER0_prog.o
                0x0000106c                TIMER0_vdOverFlowCallback
 .text.TIMER0_vdCompareMatchCallback
                0x00001090       0x24 ./MCAL/TIMERS/TIMER0/TIMER0_prog.o
                0x00001090                TIMER0_vdCompareMatchCallback
 .text.__vector_11
                0x000010b4       0x5a ./MCAL/TIMERS/TIMER0/TIMER0_prog.o
                0x000010b4                __vector_11
 .text.__vector_10
                0x0000110e       0x5a ./MCAL/TIMERS/TIMER0/TIMER0_prog.o
                0x0000110e                __vector_10
 .text.SPI_vdInit
                0x00001168      0x100 ./MCAL/SPI/SPI_prog.o
                0x00001168                SPI_vdInit
 .text.SPI_vdDisable
                0x00001268       0x1c ./MCAL/SPI/SPI_prog.o
                0x00001268                SPI_vdDisable
 .text.SPI_u8MasterDataRW
                0x00001284       0x28 ./MCAL/SPI/SPI_prog.o
                0x00001284                SPI_u8MasterDataRW
 .text.SPI_u8SlaveDataRead
                0x000012ac       0x1e ./MCAL/SPI/SPI_prog.o
                0x000012ac                SPI_u8SlaveDataRead
 .text.SPI_vdSlaveDataWrite
                0x000012ca       0x26 ./MCAL/SPI/SPI_prog.o
                0x000012ca                SPI_vdSlaveDataWrite
 .text.SPI_vdInterruptEnable
                0x000012f0       0x1c ./MCAL/SPI/SPI_prog.o
                0x000012f0                SPI_vdInterruptEnable
 .text.SPI_vdInterruptDisable
                0x0000130c       0x1c ./MCAL/SPI/SPI_prog.o
                0x0000130c                SPI_vdInterruptDisable
 .text.TWI_vdInit
                0x00001328       0x56 ./MCAL/I2C/I2C_prog.o
                0x00001328                TWI_vdInit
 .text.TWI_u8StartCondition
                0x0000137e       0x54 ./MCAL/I2C/I2C_prog.o
                0x0000137e                TWI_u8StartCondition
 .text.TWI_u8RepeatedStartCondition
                0x000013d2       0x54 ./MCAL/I2C/I2C_prog.o
                0x000013d2                TWI_u8RepeatedStartCondition
 .text.TWI_u8StopCondition
                0x00001426       0x34 ./MCAL/I2C/I2C_prog.o
                0x00001426                TWI_u8StopCondition
 .text.TWI_vdMasterSendAddress
                0x0000145a       0xb2 ./MCAL/I2C/I2C_prog.o
                0x0000145a                TWI_vdMasterSendAddress
 .text.TWI_u8MasterSendData
                0x0000150c       0x68 ./MCAL/I2C/I2C_prog.o
                0x0000150c                TWI_u8MasterSendData
 .text.TWI_u8MasterRecieveData
                0x00001574       0x70 ./MCAL/I2C/I2C_prog.o
                0x00001574                TWI_u8MasterRecieveData
 .text.TWI_vdAckEnable
                0x000015e4       0x1c ./MCAL/I2C/I2C_prog.o
                0x000015e4                TWI_vdAckEnable
 .text.TWI_vdAckDisable
                0x00001600       0x1c ./MCAL/I2C/I2C_prog.o
                0x00001600                TWI_vdAckDisable
 .text.GIE_vdEnable
                0x0000161c       0x1c ./MCAL/GIE/GIE_prog.o
                0x0000161c                GIE_vdEnable
 .text.GIE_vdDisable
                0x00001638       0x1c ./MCAL/GIE/GIE_prog.o
                0x00001638                GIE_vdDisable
 .text.EXT0_vdEnable
                0x00001654       0xdc ./MCAL/EXTI/EXTI_prog.o
                0x00001654                EXT0_vdEnable
 .text.EXT1_vdEnable
                0x00001730       0xdc ./MCAL/EXTI/EXTI_prog.o
                0x00001730                EXT1_vdEnable
 .text.EXT2_vdEnable
                0x0000180c       0x66 ./MCAL/EXTI/EXTI_prog.o
                0x0000180c                EXT2_vdEnable
 .text.EXT0_vdDisable
                0x00001872       0x1c ./MCAL/EXTI/EXTI_prog.o
                0x00001872                EXT0_vdDisable
 .text.EXT1_vdDisable
                0x0000188e       0x1c ./MCAL/EXTI/EXTI_prog.o
                0x0000188e                EXT1_vdDisable
 .text.EXT2_vdDisable
                0x000018aa       0x1c ./MCAL/EXTI/EXTI_prog.o
                0x000018aa                EXT2_vdDisable
 .text.DIO_u8SetPinDirection
                0x000018c6      0x200 ./MCAL/DIO/DIO_prog.o
                0x000018c6                DIO_u8SetPinDirection
 .text.DIO_u8SetPinValue
                0x00001ac6      0x200 ./MCAL/DIO/DIO_prog.o
                0x00001ac6                DIO_u8SetPinValue
 .text.DIO_u8GetPinValue
                0x00001cc6      0x10e ./MCAL/DIO/DIO_prog.o
                0x00001cc6                DIO_u8GetPinValue
 .text.DIO_u8SetPortDirection
                0x00001dd4       0x86 ./MCAL/DIO/DIO_prog.o
                0x00001dd4                DIO_u8SetPortDirection
 .text.DIO_u8SetPortValue
                0x00001e5a       0x86 ./MCAL/DIO/DIO_prog.o
                0x00001e5a                DIO_u8SetPortValue
 .text.DIO_u8GetPortValue
                0x00001ee0       0x9a ./MCAL/DIO/DIO_prog.o
                0x00001ee0                DIO_u8GetPortValue
 .text.ADC_u8State
                0x00001f7a       0x4e ./MCAL/ADC/ADC_prog.o
                0x00001f7a                ADC_u8State
 .text.ADC_u8Init
                0x00001fc8       0x82 ./MCAL/ADC/ADC_prog.o
                0x00001fc8                ADC_u8Init
 .text.ADC_ChannelSelect
                0x0000204a       0x6c ./MCAL/ADC/ADC_prog.o
                0x0000204a                ADC_ChannelSelect
 .text.ADC_u8StartConversion
                0x000020b6       0x20 ./MCAL/ADC/ADC_prog.o
                0x000020b6                ADC_u8StartConversion
 .text.ADC_u8AutoTriggerState
                0x000020d6       0x40 ./MCAL/ADC/ADC_prog.o
                0x000020d6                ADC_u8AutoTriggerState
 .text.ADC_u8AutoTriggerSource
                0x00002116       0x50 ./MCAL/ADC/ADC_prog.o
                0x00002116                ADC_u8AutoTriggerSource
 .text.ADC_u8ConversionCompleteInterruptState
                0x00002166       0x40 ./MCAL/ADC/ADC_prog.o
                0x00002166                ADC_u8ConversionCompleteInterruptState
 .text.ADC_u8GetReading
                0x000021a6       0x50 ./MCAL/ADC/ADC_prog.o
                0x000021a6                ADC_u8GetReading
 .text.LCD_u8ConvertPos
                0x000021f6       0x94 ./HAL/LCD/LCD_prog.o
                0x000021f6                LCD_u8ConvertPos
 .text.LCD_vdSendData
                0x0000228a      0x13c ./HAL/LCD/LCD_prog.o
                0x0000228a                LCD_vdSendData
 .text.LCD_vdSendCommand
                0x000023c6      0x13c ./HAL/LCD/LCD_prog.o
                0x000023c6                LCD_vdSendCommand
 .text.LCD_vdInit
                0x00002502      0x2e4 ./HAL/LCD/LCD_prog.o
                0x00002502                LCD_vdInit
 .text.LCD_vdSendString
                0x000027e6       0x52 ./HAL/LCD/LCD_prog.o
                0x000027e6                LCD_vdSendString
 .text.LCD_vdSendDataToPos
                0x00002838       0x3c ./HAL/LCD/LCD_prog.o
                0x00002838                LCD_vdSendDataToPos
 .text.LCD_vdSendStringToPos
                0x00002874       0x44 ./HAL/LCD/LCD_prog.o
                0x00002874                LCD_vdSendStringToPos
 .text.LCD_vdGotoX_Y
                0x000028b8       0x32 ./HAL/LCD/LCD_prog.o
                0x000028b8                LCD_vdGotoX_Y
 .text.LCD_vdIntegerToString
                0x000028ea      0x19a ./HAL/LCD/LCD_prog.o
                0x000028ea                LCD_vdIntegerToString
 .text.KPAD_u8GetPressedKey
                0x00002a84      0x16c ./HAL/KPAD/KPAD_porg.o
                0x00002a84                KPAD_u8GetPressedKey
 .text.H_BRIDGE_vdStop
                0x00002bf0      0x132 ./HAL/H_BRIDGE/H_BRIDGE_prog.o
                0x00002bf0                H_BRIDGE_vdStop
 .text.H_BRIDGE_vdClockWise
                0x00002d22      0x132 ./HAL/H_BRIDGE/H_BRIDGE_prog.o
                0x00002d22                H_BRIDGE_vdClockWise
 .text.H_BRIDGE_vdAntiClockWise
                0x00002e54      0x132 ./HAL/H_BRIDGE/H_BRIDGE_prog.o
                0x00002e54                H_BRIDGE_vdAntiClockWise
 .text.EEPROM_vdSendData
                0x00002f86       0x40 ./HAL/EEPROM/EEPROM_prog.o
                0x00002f86                EEPROM_vdSendData
 .text.EEPROM_vdReadData
                0x00002fc6       0x78 ./HAL/EEPROM/EEPROM_prog.o
                0x00002fc6                EEPROM_vdReadData
 .text.main     0x0000303e       0x12 ./main.o
                0x0000303e                main
 .text.libgcc   0x00003050       0x3e e:/es diploma/tools/imt_sdk_win_64/imt_sdk_win_64/winavr/bin/../lib/gcc/avr/4.3.3/avr5\libgcc.a(_mulsi3.o)
                0x00003050                __mulsi3
 .text.libgcc   0x0000308e       0x36 e:/es diploma/tools/imt_sdk_win_64/imt_sdk_win_64/winavr/bin/../lib/gcc/avr/4.3.3/avr5\libgcc.a(_divmodsi4.o)
                0x0000308e                __divmodsi4
 .text.libgcc   0x000030c4        0x0 e:/es diploma/tools/imt_sdk_win_64/imt_sdk_win_64/winavr/bin/../lib/gcc/avr/4.3.3/avr5\libgcc.a(_exit.o)
 .text.libgcc   0x000030c4        0x0 e:/es diploma/tools/imt_sdk_win_64/imt_sdk_win_64/winavr/bin/../lib/gcc/avr/4.3.3/avr5\libgcc.a(_copy_data.o)
 .text.libgcc   0x000030c4        0x0 e:/es diploma/tools/imt_sdk_win_64/imt_sdk_win_64/winavr/bin/../lib/gcc/avr/4.3.3/avr5\libgcc.a(_clear_bss.o)
 .text.libgcc   0x000030c4       0x44 e:/es diploma/tools/imt_sdk_win_64/imt_sdk_win_64/winavr/bin/../lib/gcc/avr/4.3.3/avr5\libgcc.a(_udivmodsi4.o)
                0x000030c4                __udivmodsi4
 .text.libgcc   0x00003108       0x38 e:/es diploma/tools/imt_sdk_win_64/imt_sdk_win_64/winavr/bin/../lib/gcc/avr/4.3.3/avr5\libgcc.a(_prologue.o)
                0x00003108                __prologue_saves__
 .text.libgcc   0x00003140       0x36 e:/es diploma/tools/imt_sdk_win_64/imt_sdk_win_64/winavr/bin/../lib/gcc/avr/4.3.3/avr5\libgcc.a(_epilogue.o)
                0x00003140                __epilogue_restores__
                0x00003176                . = ALIGN (0x2)
 *(.fini9)
 .fini9         0x00003176        0x0 e:/es diploma/tools/imt_sdk_win_64/imt_sdk_win_64/winavr/bin/../lib/gcc/avr/4.3.3/avr5\libgcc.a(_exit.o)
                0x00003176                exit
                0x00003176                _exit
 *(.fini9)
 *(.fini8)
 *(.fini8)
 *(.fini7)
 *(.fini7)
 *(.fini6)
 *(.fini6)
 *(.fini5)
 *(.fini5)
 *(.fini4)
 *(.fini4)
 *(.fini3)
 *(.fini3)
 *(.fini2)
 *(.fini2)
 *(.fini1)
 *(.fini1)
 *(.fini0)
 .fini0         0x00003176        0x4 e:/es diploma/tools/imt_sdk_win_64/imt_sdk_win_64/winavr/bin/../lib/gcc/avr/4.3.3/avr5\libgcc.a(_exit.o)
 *(.fini0)
                0x0000317a                _etext = .

.data           0x00800060       0x18 load address 0x0000317a
                0x00800060                PROVIDE (__data_start, .)
 *(.data)
 .data          0x00800060        0x0 e:/es diploma/tools/imt_sdk_win_64/imt_sdk_win_64/winavr/bin/../lib/gcc/avr/4.3.3/../../../../avr/lib/avr5/crtm32.o
 .data          0x00800060        0x0 ./MCAL/WD_TIMER/WD_TIMER_prog.o
 .data          0x00800060        0x0 ./MCAL/USART/USART_prog.o
 .data          0x00800060        0x0 ./MCAL/TIMERS/TIMER1/TIMER1_prog.o
 .data          0x00800060        0x0 ./MCAL/TIMERS/TIMER0/TIMER0_prog.o
 .data          0x00800060        0x0 ./MCAL/SPI/SPI_prog.o
 .data          0x00800060        0x0 ./MCAL/I2C/I2C_prog.o
 .data          0x00800060        0x0 ./MCAL/GIE/GIE_prog.o
 .data          0x00800060        0x0 ./MCAL/EXTI/EXTI_prog.o
 .data          0x00800060        0x0 ./MCAL/DIO/DIO_prog.o
 .data          0x00800060        0x0 ./MCAL/ADC/ADC_prog.o
 .data          0x00800060        0x0 ./HAL/SVN_SEGMENTS/SvnSeg_porg.o
 .data          0x00800060        0x0 ./HAL/LCD/LCD_prog.o
 .data          0x00800060        0x0 ./HAL/KPAD/KPAD_porg.o
 .data          0x00800060        0x0 ./HAL/H_BRIDGE/H_BRIDGE_prog.o
 .data          0x00800060        0x0 ./HAL/EEPROM/EEPROM_prog.o
 .data          0x00800060        0x0 ./main.o
 .data          0x00800060        0x0 e:/es diploma/tools/imt_sdk_win_64/imt_sdk_win_64/winavr/bin/../lib/gcc/avr/4.3.3/avr5\libgcc.a(_mulsi3.o)
 .data          0x00800060        0x0 e:/es diploma/tools/imt_sdk_win_64/imt_sdk_win_64/winavr/bin/../lib/gcc/avr/4.3.3/avr5\libgcc.a(_divmodsi4.o)
 .data          0x00800060        0x0 e:/es diploma/tools/imt_sdk_win_64/imt_sdk_win_64/winavr/bin/../lib/gcc/avr/4.3.3/avr5\libgcc.a(_exit.o)
 .data          0x00800060        0x0 e:/es diploma/tools/imt_sdk_win_64/imt_sdk_win_64/winavr/bin/../lib/gcc/avr/4.3.3/avr5\libgcc.a(_copy_data.o)
 .data          0x00800060        0x0 e:/es diploma/tools/imt_sdk_win_64/imt_sdk_win_64/winavr/bin/../lib/gcc/avr/4.3.3/avr5\libgcc.a(_clear_bss.o)
 .data          0x00800060        0x0 e:/es diploma/tools/imt_sdk_win_64/imt_sdk_win_64/winavr/bin/../lib/gcc/avr/4.3.3/avr5\libgcc.a(_fixunssfsi.o)
 .data          0x00800060        0x0 e:/es diploma/tools/imt_sdk_win_64/imt_sdk_win_64/winavr/bin/../lib/gcc/avr/4.3.3/avr5\libgcc.a(_addsub_sf.o)
 .data          0x00800060        0x0 e:/es diploma/tools/imt_sdk_win_64/imt_sdk_win_64/winavr/bin/../lib/gcc/avr/4.3.3/avr5\libgcc.a(_mul_sf.o)
 .data          0x00800060        0x0 e:/es diploma/tools/imt_sdk_win_64/imt_sdk_win_64/winavr/bin/../lib/gcc/avr/4.3.3/avr5\libgcc.a(_gt_sf.o)
 .data          0x00800060        0x0 e:/es diploma/tools/imt_sdk_win_64/imt_sdk_win_64/winavr/bin/../lib/gcc/avr/4.3.3/avr5\libgcc.a(_ge_sf.o)
 .data          0x00800060        0x0 e:/es diploma/tools/imt_sdk_win_64/imt_sdk_win_64/winavr/bin/../lib/gcc/avr/4.3.3/avr5\libgcc.a(_lt_sf.o)
 .data          0x00800060        0x0 e:/es diploma/tools/imt_sdk_win_64/imt_sdk_win_64/winavr/bin/../lib/gcc/avr/4.3.3/avr5\libgcc.a(_sf_to_si.o)
 .data          0x00800060        0x8 e:/es diploma/tools/imt_sdk_win_64/imt_sdk_win_64/winavr/bin/../lib/gcc/avr/4.3.3/avr5\libgcc.a(_thenan_sf.o)
                0x00800060                __thenan_sf
 .data          0x00800068        0x0 e:/es diploma/tools/imt_sdk_win_64/imt_sdk_win_64/winavr/bin/../lib/gcc/avr/4.3.3/avr5\libgcc.a(_udivmodsi4.o)
 .data          0x00800068        0x0 e:/es diploma/tools/imt_sdk_win_64/imt_sdk_win_64/winavr/bin/../lib/gcc/avr/4.3.3/avr5\libgcc.a(_prologue.o)
 .data          0x00800068        0x0 e:/es diploma/tools/imt_sdk_win_64/imt_sdk_win_64/winavr/bin/../lib/gcc/avr/4.3.3/avr5\libgcc.a(_epilogue.o)
 .data          0x00800068        0x0 e:/es diploma/tools/imt_sdk_win_64/imt_sdk_win_64/winavr/bin/../lib/gcc/avr/4.3.3/avr5\libgcc.a(_pack_sf.o)
 .data          0x00800068        0x0 e:/es diploma/tools/imt_sdk_win_64/imt_sdk_win_64/winavr/bin/../lib/gcc/avr/4.3.3/avr5\libgcc.a(_unpack_sf.o)
 .data          0x00800068        0x0 e:/es diploma/tools/imt_sdk_win_64/imt_sdk_win_64/winavr/bin/../lib/gcc/avr/4.3.3/avr5\libgcc.a(_fpcmp_parts_sf.o)
 *(.data*)
 *(.rodata)
 *(.rodata*)
 .rodata.C.0.1256
                0x00800068       0x10 ./HAL/KPAD/KPAD_porg.o
 *(.gnu.linkonce.d*)
                0x00800078                . = ALIGN (0x2)
                0x00800078                _edata = .
                0x00800078                PROVIDE (__data_end, .)

.bss            0x00800078        0x4
                0x00800078                PROVIDE (__bss_start, .)
 *(.bss)
 .bss           0x00800078        0x0 e:/es diploma/tools/imt_sdk_win_64/imt_sdk_win_64/winavr/bin/../lib/gcc/avr/4.3.3/../../../../avr/lib/avr5/crtm32.o
 .bss           0x00800078        0x0 ./MCAL/WD_TIMER/WD_TIMER_prog.o
 .bss           0x00800078        0x0 ./MCAL/USART/USART_prog.o
 .bss           0x00800078        0x0 ./MCAL/TIMERS/TIMER1/TIMER1_prog.o
 .bss           0x00800078        0x0 ./MCAL/TIMERS/TIMER0/TIMER0_prog.o
 .bss           0x00800078        0x0 ./MCAL/SPI/SPI_prog.o
 .bss           0x00800078        0x0 ./MCAL/I2C/I2C_prog.o
 .bss           0x00800078        0x0 ./MCAL/GIE/GIE_prog.o
 .bss           0x00800078        0x0 ./MCAL/EXTI/EXTI_prog.o
 .bss           0x00800078        0x0 ./MCAL/DIO/DIO_prog.o
 .bss           0x00800078        0x0 ./MCAL/ADC/ADC_prog.o
 .bss           0x00800078        0x0 ./HAL/SVN_SEGMENTS/SvnSeg_porg.o
 .bss           0x00800078        0x0 ./HAL/LCD/LCD_prog.o
 .bss           0x00800078        0x0 ./HAL/KPAD/KPAD_porg.o
 .bss           0x00800078        0x0 ./HAL/H_BRIDGE/H_BRIDGE_prog.o
 .bss           0x00800078        0x0 ./HAL/EEPROM/EEPROM_prog.o
 .bss           0x00800078        0x0 ./main.o
 .bss           0x00800078        0x0 e:/es diploma/tools/imt_sdk_win_64/imt_sdk_win_64/winavr/bin/../lib/gcc/avr/4.3.3/avr5\libgcc.a(_mulsi3.o)
 .bss           0x00800078        0x0 e:/es diploma/tools/imt_sdk_win_64/imt_sdk_win_64/winavr/bin/../lib/gcc/avr/4.3.3/avr5\libgcc.a(_divmodsi4.o)
 .bss           0x00800078        0x0 e:/es diploma/tools/imt_sdk_win_64/imt_sdk_win_64/winavr/bin/../lib/gcc/avr/4.3.3/avr5\libgcc.a(_exit.o)
 .bss           0x00800078        0x0 e:/es diploma/tools/imt_sdk_win_64/imt_sdk_win_64/winavr/bin/../lib/gcc/avr/4.3.3/avr5\libgcc.a(_copy_data.o)
 .bss           0x00800078        0x0 e:/es diploma/tools/imt_sdk_win_64/imt_sdk_win_64/winavr/bin/../lib/gcc/avr/4.3.3/avr5\libgcc.a(_clear_bss.o)
 .bss           0x00800078        0x0 e:/es diploma/tools/imt_sdk_win_64/imt_sdk_win_64/winavr/bin/../lib/gcc/avr/4.3.3/avr5\libgcc.a(_fixunssfsi.o)
 .bss           0x00800078        0x0 e:/es diploma/tools/imt_sdk_win_64/imt_sdk_win_64/winavr/bin/../lib/gcc/avr/4.3.3/avr5\libgcc.a(_addsub_sf.o)
 .bss           0x00800078        0x0 e:/es diploma/tools/imt_sdk_win_64/imt_sdk_win_64/winavr/bin/../lib/gcc/avr/4.3.3/avr5\libgcc.a(_mul_sf.o)
 .bss           0x00800078        0x0 e:/es diploma/tools/imt_sdk_win_64/imt_sdk_win_64/winavr/bin/../lib/gcc/avr/4.3.3/avr5\libgcc.a(_gt_sf.o)
 .bss           0x00800078        0x0 e:/es diploma/tools/imt_sdk_win_64/imt_sdk_win_64/winavr/bin/../lib/gcc/avr/4.3.3/avr5\libgcc.a(_ge_sf.o)
 .bss           0x00800078        0x0 e:/es diploma/tools/imt_sdk_win_64/imt_sdk_win_64/winavr/bin/../lib/gcc/avr/4.3.3/avr5\libgcc.a(_lt_sf.o)
 .bss           0x00800078        0x0 e:/es diploma/tools/imt_sdk_win_64/imt_sdk_win_64/winavr/bin/../lib/gcc/avr/4.3.3/avr5\libgcc.a(_sf_to_si.o)
 .bss           0x00800078        0x0 e:/es diploma/tools/imt_sdk_win_64/imt_sdk_win_64/winavr/bin/../lib/gcc/avr/4.3.3/avr5\libgcc.a(_thenan_sf.o)
 .bss           0x00800078        0x0 e:/es diploma/tools/imt_sdk_win_64/imt_sdk_win_64/winavr/bin/../lib/gcc/avr/4.3.3/avr5\libgcc.a(_udivmodsi4.o)
 .bss           0x00800078        0x0 e:/es diploma/tools/imt_sdk_win_64/imt_sdk_win_64/winavr/bin/../lib/gcc/avr/4.3.3/avr5\libgcc.a(_prologue.o)
 .bss           0x00800078        0x0 e:/es diploma/tools/imt_sdk_win_64/imt_sdk_win_64/winavr/bin/../lib/gcc/avr/4.3.3/avr5\libgcc.a(_epilogue.o)
 .bss           0x00800078        0x0 e:/es diploma/tools/imt_sdk_win_64/imt_sdk_win_64/winavr/bin/../lib/gcc/avr/4.3.3/avr5\libgcc.a(_pack_sf.o)
 .bss           0x00800078        0x0 e:/es diploma/tools/imt_sdk_win_64/imt_sdk_win_64/winavr/bin/../lib/gcc/avr/4.3.3/avr5\libgcc.a(_unpack_sf.o)
 .bss           0x00800078        0x0 e:/es diploma/tools/imt_sdk_win_64/imt_sdk_win_64/winavr/bin/../lib/gcc/avr/4.3.3/avr5\libgcc.a(_fpcmp_parts_sf.o)
 *(.bss*)
 .bss.pFuncTOVCallback
                0x00800078        0x2 ./MCAL/TIMERS/TIMER0/TIMER0_prog.o
                0x00800078                pFuncTOVCallback
 .bss.pFuncOCFCallback
                0x0080007a        0x2 ./MCAL/TIMERS/TIMER0/TIMER0_prog.o
                0x0080007a                pFuncOCFCallback
 *(COMMON)
                0x0080007c                PROVIDE (__bss_end, .)
                0x0000317a                __data_load_start = LOADADDR (.data)
                0x00003192                __data_load_end = (__data_load_start + SIZEOF (.data))

.noinit         0x0080007c        0x0
                0x0080007c                PROVIDE (__noinit_start, .)
 *(.noinit*)
                0x0080007c                PROVIDE (__noinit_end, .)
                0x0080007c                _end = .
                0x0080007c                PROVIDE (__heap_start, .)

.eeprom         0x00810000        0x0
 *(.eeprom*)
                0x00810000                __eeprom_end = .

.fuse
 *(.fuse)
 *(.lfuse)
 *(.hfuse)
 *(.efuse)

.lock
 *(.lock*)

.signature
 *(.signature*)

.stab           0x00000000     0x4458
 *(.stab)
 .stab          0x00000000      0x240 ./MCAL/WD_TIMER/WD_TIMER_prog.o
 .stab          0x00000240      0x270 ./MCAL/USART/USART_prog.o
                                0x27c (size before relaxing)
 .stab          0x000004b0      0x504 ./MCAL/TIMERS/TIMER1/TIMER1_prog.o
                                0x510 (size before relaxing)
 .stab          0x000009b4      0x570 ./MCAL/TIMERS/TIMER0/TIMER0_prog.o
                                0x57c (size before relaxing)
 .stab          0x00000f24      0x45c ./MCAL/SPI/SPI_prog.o
                                0x468 (size before relaxing)
 .stab          0x00001380      0x600 ./MCAL/I2C/I2C_prog.o
                                0x60c (size before relaxing)
 .stab          0x00001980      0x1b0 ./MCAL/GIE/GIE_prog.o
                                0x1bc (size before relaxing)
 .stab          0x00001b30      0x3c0 ./MCAL/EXTI/EXTI_prog.o
                                0x3cc (size before relaxing)
 .stab          0x00001ef0      0x564 ./MCAL/DIO/DIO_prog.o
                                0x570 (size before relaxing)
 .stab          0x00002454      0x4ec ./MCAL/ADC/ADC_prog.o
                                0x4f8 (size before relaxing)
 .stab          0x00002940      0x1c8 ./HAL/SVN_SEGMENTS/SvnSeg_porg.o
                                0x1d4 (size before relaxing)
 .stab          0x00002b08      0xcc0 ./HAL/LCD/LCD_prog.o
                                0xccc (size before relaxing)
 .stab          0x000037c8      0x360 ./HAL/KPAD/KPAD_porg.o
                                0x36c (size before relaxing)
 .stab          0x00003b28      0x504 ./HAL/H_BRIDGE/H_BRIDGE_prog.o
                                0x69c (size before relaxing)
 .stab          0x0000402c      0x30c ./HAL/EEPROM/EEPROM_prog.o
                                0x318 (size before relaxing)
 .stab          0x00004338      0x120 ./main.o
                                0x12c (size before relaxing)

.stabstr        0x00000000     0x2a13
 *(.stabstr)
 .stabstr       0x00000000     0x2a13 ./MCAL/WD_TIMER/WD_TIMER_prog.o

.stab.excl
 *(.stab.excl)

.stab.exclstr
 *(.stab.exclstr)

.stab.index
 *(.stab.index)

.stab.indexstr
 *(.stab.indexstr)

.comment
 *(.comment)

.debug
 *(.debug)

.line
 *(.line)

.debug_srcinfo
 *(.debug_srcinfo)

.debug_sfnames
 *(.debug_sfnames)

.debug_aranges  0x00000000      0x140
 *(.debug_aranges)
 .debug_aranges
                0x00000000       0x20 e:/es diploma/tools/imt_sdk_win_64/imt_sdk_win_64/winavr/bin/../lib/gcc/avr/4.3.3/avr5\libgcc.a(_fixunssfsi.o)
 .debug_aranges
                0x00000020       0x20 e:/es diploma/tools/imt_sdk_win_64/imt_sdk_win_64/winavr/bin/../lib/gcc/avr/4.3.3/avr5\libgcc.a(_addsub_sf.o)
 .debug_aranges
                0x00000040       0x20 e:/es diploma/tools/imt_sdk_win_64/imt_sdk_win_64/winavr/bin/../lib/gcc/avr/4.3.3/avr5\libgcc.a(_mul_sf.o)
 .debug_aranges
                0x00000060       0x20 e:/es diploma/tools/imt_sdk_win_64/imt_sdk_win_64/winavr/bin/../lib/gcc/avr/4.3.3/avr5\libgcc.a(_gt_sf.o)
 .debug_aranges
                0x00000080       0x20 e:/es diploma/tools/imt_sdk_win_64/imt_sdk_win_64/winavr/bin/../lib/gcc/avr/4.3.3/avr5\libgcc.a(_ge_sf.o)
 .debug_aranges
                0x000000a0       0x20 e:/es diploma/tools/imt_sdk_win_64/imt_sdk_win_64/winavr/bin/../lib/gcc/avr/4.3.3/avr5\libgcc.a(_lt_sf.o)
 .debug_aranges
                0x000000c0       0x20 e:/es diploma/tools/imt_sdk_win_64/imt_sdk_win_64/winavr/bin/../lib/gcc/avr/4.3.3/avr5\libgcc.a(_sf_to_si.o)
 .debug_aranges
                0x000000e0       0x20 e:/es diploma/tools/imt_sdk_win_64/imt_sdk_win_64/winavr/bin/../lib/gcc/avr/4.3.3/avr5\libgcc.a(_pack_sf.o)
 .debug_aranges
                0x00000100       0x20 e:/es diploma/tools/imt_sdk_win_64/imt_sdk_win_64/winavr/bin/../lib/gcc/avr/4.3.3/avr5\libgcc.a(_unpack_sf.o)
 .debug_aranges
                0x00000120       0x20 e:/es diploma/tools/imt_sdk_win_64/imt_sdk_win_64/winavr/bin/../lib/gcc/avr/4.3.3/avr5\libgcc.a(_fpcmp_parts_sf.o)

.debug_pubnames
                0x00000000      0x170
 *(.debug_pubnames)
 .debug_pubnames
                0x00000000       0x23 e:/es diploma/tools/imt_sdk_win_64/imt_sdk_win_64/winavr/bin/../lib/gcc/avr/4.3.3/avr5\libgcc.a(_fixunssfsi.o)
 .debug_pubnames
                0x00000023       0x2c e:/es diploma/tools/imt_sdk_win_64/imt_sdk_win_64/winavr/bin/../lib/gcc/avr/4.3.3/avr5\libgcc.a(_addsub_sf.o)
 .debug_pubnames
                0x0000004f       0x1f e:/es diploma/tools/imt_sdk_win_64/imt_sdk_win_64/winavr/bin/../lib/gcc/avr/4.3.3/avr5\libgcc.a(_mul_sf.o)
 .debug_pubnames
                0x0000006e       0x1e e:/es diploma/tools/imt_sdk_win_64/imt_sdk_win_64/winavr/bin/../lib/gcc/avr/4.3.3/avr5\libgcc.a(_gt_sf.o)
 .debug_pubnames
                0x0000008c       0x1e e:/es diploma/tools/imt_sdk_win_64/imt_sdk_win_64/winavr/bin/../lib/gcc/avr/4.3.3/avr5\libgcc.a(_ge_sf.o)
 .debug_pubnames
                0x000000aa       0x1e e:/es diploma/tools/imt_sdk_win_64/imt_sdk_win_64/winavr/bin/../lib/gcc/avr/4.3.3/avr5\libgcc.a(_lt_sf.o)
 .debug_pubnames
                0x000000c8       0x20 e:/es diploma/tools/imt_sdk_win_64/imt_sdk_win_64/winavr/bin/../lib/gcc/avr/4.3.3/avr5\libgcc.a(_sf_to_si.o)
 .debug_pubnames
                0x000000e8       0x22 e:/es diploma/tools/imt_sdk_win_64/imt_sdk_win_64/winavr/bin/../lib/gcc/avr/4.3.3/avr5\libgcc.a(_thenan_sf.o)
 .debug_pubnames
                0x0000010a       0x1f e:/es diploma/tools/imt_sdk_win_64/imt_sdk_win_64/winavr/bin/../lib/gcc/avr/4.3.3/avr5\libgcc.a(_pack_sf.o)
 .debug_pubnames
                0x00000129       0x21 e:/es diploma/tools/imt_sdk_win_64/imt_sdk_win_64/winavr/bin/../lib/gcc/avr/4.3.3/avr5\libgcc.a(_unpack_sf.o)
 .debug_pubnames
                0x0000014a       0x26 e:/es diploma/tools/imt_sdk_win_64/imt_sdk_win_64/winavr/bin/../lib/gcc/avr/4.3.3/avr5\libgcc.a(_fpcmp_parts_sf.o)

.debug_info     0x00000000     0x1c49
 *(.debug_info)
 .debug_info    0x00000000       0xb1 e:/es diploma/tools/imt_sdk_win_64/imt_sdk_win_64/winavr/bin/../lib/gcc/avr/4.3.3/avr5\libgcc.a(_fixunssfsi.o)
 .debug_info    0x000000b1      0x47a e:/es diploma/tools/imt_sdk_win_64/imt_sdk_win_64/winavr/bin/../lib/gcc/avr/4.3.3/avr5\libgcc.a(_addsub_sf.o)
 .debug_info    0x0000052b      0x485 e:/es diploma/tools/imt_sdk_win_64/imt_sdk_win_64/winavr/bin/../lib/gcc/avr/4.3.3/avr5\libgcc.a(_mul_sf.o)
 .debug_info    0x000009b0      0x27f e:/es diploma/tools/imt_sdk_win_64/imt_sdk_win_64/winavr/bin/../lib/gcc/avr/4.3.3/avr5\libgcc.a(_gt_sf.o)
 .debug_info    0x00000c2f      0x27f e:/es diploma/tools/imt_sdk_win_64/imt_sdk_win_64/winavr/bin/../lib/gcc/avr/4.3.3/avr5\libgcc.a(_ge_sf.o)
 .debug_info    0x00000eae      0x27f e:/es diploma/tools/imt_sdk_win_64/imt_sdk_win_64/winavr/bin/../lib/gcc/avr/4.3.3/avr5\libgcc.a(_lt_sf.o)
 .debug_info    0x0000112d      0x2b0 e:/es diploma/tools/imt_sdk_win_64/imt_sdk_win_64/winavr/bin/../lib/gcc/avr/4.3.3/avr5\libgcc.a(_sf_to_si.o)
 .debug_info    0x000013dd      0x12c e:/es diploma/tools/imt_sdk_win_64/imt_sdk_win_64/winavr/bin/../lib/gcc/avr/4.3.3/avr5\libgcc.a(_thenan_sf.o)
 .debug_info    0x00001509      0x2df e:/es diploma/tools/imt_sdk_win_64/imt_sdk_win_64/winavr/bin/../lib/gcc/avr/4.3.3/avr5\libgcc.a(_pack_sf.o)
 .debug_info    0x000017e8      0x251 e:/es diploma/tools/imt_sdk_win_64/imt_sdk_win_64/winavr/bin/../lib/gcc/avr/4.3.3/avr5\libgcc.a(_unpack_sf.o)
 .debug_info    0x00001a39      0x210 e:/es diploma/tools/imt_sdk_win_64/imt_sdk_win_64/winavr/bin/../lib/gcc/avr/4.3.3/avr5\libgcc.a(_fpcmp_parts_sf.o)
 *(.gnu.linkonce.wi.*)

.debug_abbrev   0x00000000      0xeeb
 *(.debug_abbrev)
 .debug_abbrev  0x00000000       0x5d e:/es diploma/tools/imt_sdk_win_64/imt_sdk_win_64/winavr/bin/../lib/gcc/avr/4.3.3/avr5\libgcc.a(_fixunssfsi.o)
 .debug_abbrev  0x0000005d      0x1ea e:/es diploma/tools/imt_sdk_win_64/imt_sdk_win_64/winavr/bin/../lib/gcc/avr/4.3.3/avr5\libgcc.a(_addsub_sf.o)
 .debug_abbrev  0x00000247      0x21b e:/es diploma/tools/imt_sdk_win_64/imt_sdk_win_64/winavr/bin/../lib/gcc/avr/4.3.3/avr5\libgcc.a(_mul_sf.o)
 .debug_abbrev  0x00000462      0x15a e:/es diploma/tools/imt_sdk_win_64/imt_sdk_win_64/winavr/bin/../lib/gcc/avr/4.3.3/avr5\libgcc.a(_gt_sf.o)
 .debug_abbrev  0x000005bc      0x15a e:/es diploma/tools/imt_sdk_win_64/imt_sdk_win_64/winavr/bin/../lib/gcc/avr/4.3.3/avr5\libgcc.a(_ge_sf.o)
 .debug_abbrev  0x00000716      0x15a e:/es diploma/tools/imt_sdk_win_64/imt_sdk_win_64/winavr/bin/../lib/gcc/avr/4.3.3/avr5\libgcc.a(_lt_sf.o)
 .debug_abbrev  0x00000870      0x17f e:/es diploma/tools/imt_sdk_win_64/imt_sdk_win_64/winavr/bin/../lib/gcc/avr/4.3.3/avr5\libgcc.a(_sf_to_si.o)
 .debug_abbrev  0x000009ef       0xad e:/es diploma/tools/imt_sdk_win_64/imt_sdk_win_64/winavr/bin/../lib/gcc/avr/4.3.3/avr5\libgcc.a(_thenan_sf.o)
 .debug_abbrev  0x00000a9c      0x1c0 e:/es diploma/tools/imt_sdk_win_64/imt_sdk_win_64/winavr/bin/../lib/gcc/avr/4.3.3/avr5\libgcc.a(_pack_sf.o)
 .debug_abbrev  0x00000c5c      0x154 e:/es diploma/tools/imt_sdk_win_64/imt_sdk_win_64/winavr/bin/../lib/gcc/avr/4.3.3/avr5\libgcc.a(_unpack_sf.o)
 .debug_abbrev  0x00000db0      0x13b e:/es diploma/tools/imt_sdk_win_64/imt_sdk_win_64/winavr/bin/../lib/gcc/avr/4.3.3/avr5\libgcc.a(_fpcmp_parts_sf.o)

.debug_line     0x00000000      0xdad
 *(.debug_line)
 .debug_line    0x00000000       0xa7 e:/es diploma/tools/imt_sdk_win_64/imt_sdk_win_64/winavr/bin/../lib/gcc/avr/4.3.3/avr5\libgcc.a(_fixunssfsi.o)
 .debug_line    0x000000a7      0x2af e:/es diploma/tools/imt_sdk_win_64/imt_sdk_win_64/winavr/bin/../lib/gcc/avr/4.3.3/avr5\libgcc.a(_addsub_sf.o)
 .debug_line    0x00000356      0x239 e:/es diploma/tools/imt_sdk_win_64/imt_sdk_win_64/winavr/bin/../lib/gcc/avr/4.3.3/avr5\libgcc.a(_mul_sf.o)
 .debug_line    0x0000058f       0xd3 e:/es diploma/tools/imt_sdk_win_64/imt_sdk_win_64/winavr/bin/../lib/gcc/avr/4.3.3/avr5\libgcc.a(_gt_sf.o)
 .debug_line    0x00000662       0xd3 e:/es diploma/tools/imt_sdk_win_64/imt_sdk_win_64/winavr/bin/../lib/gcc/avr/4.3.3/avr5\libgcc.a(_ge_sf.o)
 .debug_line    0x00000735       0xd3 e:/es diploma/tools/imt_sdk_win_64/imt_sdk_win_64/winavr/bin/../lib/gcc/avr/4.3.3/avr5\libgcc.a(_lt_sf.o)
 .debug_line    0x00000808      0x109 e:/es diploma/tools/imt_sdk_win_64/imt_sdk_win_64/winavr/bin/../lib/gcc/avr/4.3.3/avr5\libgcc.a(_sf_to_si.o)
 .debug_line    0x00000911       0x90 e:/es diploma/tools/imt_sdk_win_64/imt_sdk_win_64/winavr/bin/../lib/gcc/avr/4.3.3/avr5\libgcc.a(_thenan_sf.o)
 .debug_line    0x000009a1      0x18a e:/es diploma/tools/imt_sdk_win_64/imt_sdk_win_64/winavr/bin/../lib/gcc/avr/4.3.3/avr5\libgcc.a(_pack_sf.o)
 .debug_line    0x00000b2b      0x14b e:/es diploma/tools/imt_sdk_win_64/imt_sdk_win_64/winavr/bin/../lib/gcc/avr/4.3.3/avr5\libgcc.a(_unpack_sf.o)
 .debug_line    0x00000c76      0x137 e:/es diploma/tools/imt_sdk_win_64/imt_sdk_win_64/winavr/bin/../lib/gcc/avr/4.3.3/avr5\libgcc.a(_fpcmp_parts_sf.o)

.debug_frame    0x00000000      0x160
 *(.debug_frame)
 .debug_frame   0x00000000       0x20 e:/es diploma/tools/imt_sdk_win_64/imt_sdk_win_64/winavr/bin/../lib/gcc/avr/4.3.3/avr5\libgcc.a(_fixunssfsi.o)
 .debug_frame   0x00000020       0x40 e:/es diploma/tools/imt_sdk_win_64/imt_sdk_win_64/winavr/bin/../lib/gcc/avr/4.3.3/avr5\libgcc.a(_addsub_sf.o)
 .debug_frame   0x00000060       0x20 e:/es diploma/tools/imt_sdk_win_64/imt_sdk_win_64/winavr/bin/../lib/gcc/avr/4.3.3/avr5\libgcc.a(_mul_sf.o)
 .debug_frame   0x00000080       0x20 e:/es diploma/tools/imt_sdk_win_64/imt_sdk_win_64/winavr/bin/../lib/gcc/avr/4.3.3/avr5\libgcc.a(_gt_sf.o)
 .debug_frame   0x000000a0       0x20 e:/es diploma/tools/imt_sdk_win_64/imt_sdk_win_64/winavr/bin/../lib/gcc/avr/4.3.3/avr5\libgcc.a(_ge_sf.o)
 .debug_frame   0x000000c0       0x20 e:/es diploma/tools/imt_sdk_win_64/imt_sdk_win_64/winavr/bin/../lib/gcc/avr/4.3.3/avr5\libgcc.a(_lt_sf.o)
 .debug_frame   0x000000e0       0x20 e:/es diploma/tools/imt_sdk_win_64/imt_sdk_win_64/winavr/bin/../lib/gcc/avr/4.3.3/avr5\libgcc.a(_sf_to_si.o)
 .debug_frame   0x00000100       0x20 e:/es diploma/tools/imt_sdk_win_64/imt_sdk_win_64/winavr/bin/../lib/gcc/avr/4.3.3/avr5\libgcc.a(_pack_sf.o)
 .debug_frame   0x00000120       0x20 e:/es diploma/tools/imt_sdk_win_64/imt_sdk_win_64/winavr/bin/../lib/gcc/avr/4.3.3/avr5\libgcc.a(_unpack_sf.o)
 .debug_frame   0x00000140       0x20 e:/es diploma/tools/imt_sdk_win_64/imt_sdk_win_64/winavr/bin/../lib/gcc/avr/4.3.3/avr5\libgcc.a(_fpcmp_parts_sf.o)

.debug_str      0x00000000      0x28d
 *(.debug_str)
 .debug_str     0x00000000       0xbf e:/es diploma/tools/imt_sdk_win_64/imt_sdk_win_64/winavr/bin/../lib/gcc/avr/4.3.3/avr5\libgcc.a(_fixunssfsi.o)
                                 0xfe (size before relaxing)
 .debug_str     0x000000bf      0x14d e:/es diploma/tools/imt_sdk_win_64/imt_sdk_win_64/winavr/bin/../lib/gcc/avr/4.3.3/avr5\libgcc.a(_addsub_sf.o)
                                0x206 (size before relaxing)
 .debug_str     0x0000020c       0x27 e:/es diploma/tools/imt_sdk_win_64/imt_sdk_win_64/winavr/bin/../lib/gcc/avr/4.3.3/avr5\libgcc.a(_mul_sf.o)
                                0x1bf (size before relaxing)
 .debug_str     0x00000233        0xf e:/es diploma/tools/imt_sdk_win_64/imt_sdk_win_64/winavr/bin/../lib/gcc/avr/4.3.3/avr5\libgcc.a(_gt_sf.o)
                                0x195 (size before relaxing)
 .debug_str     0x00000242        0x8 e:/es diploma/tools/imt_sdk_win_64/imt_sdk_win_64/winavr/bin/../lib/gcc/avr/4.3.3/avr5\libgcc.a(_ge_sf.o)
                                0x195 (size before relaxing)
 .debug_str     0x0000024a        0x8 e:/es diploma/tools/imt_sdk_win_64/imt_sdk_win_64/winavr/bin/../lib/gcc/avr/4.3.3/avr5\libgcc.a(_lt_sf.o)
                                0x195 (size before relaxing)
 .debug_str     0x00000252        0xa e:/es diploma/tools/imt_sdk_win_64/imt_sdk_win_64/winavr/bin/../lib/gcc/avr/4.3.3/avr5\libgcc.a(_sf_to_si.o)
                                0x19e (size before relaxing)
 .debug_str     0x00000000      0x103 e:/es diploma/tools/imt_sdk_win_64/imt_sdk_win_64/winavr/bin/../lib/gcc/avr/4.3.3/avr5\libgcc.a(_thenan_sf.o)
 .debug_str     0x0000025c       0x16 e:/es diploma/tools/imt_sdk_win_64/imt_sdk_win_64/winavr/bin/../lib/gcc/avr/4.3.3/avr5\libgcc.a(_pack_sf.o)
                                0x19d (size before relaxing)
 .debug_str     0x00000272        0xb e:/es diploma/tools/imt_sdk_win_64/imt_sdk_win_64/winavr/bin/../lib/gcc/avr/4.3.3/avr5\libgcc.a(_unpack_sf.o)
                                0x17f (size before relaxing)
 .debug_str     0x0000027d       0x10 e:/es diploma/tools/imt_sdk_win_64/imt_sdk_win_64/winavr/bin/../lib/gcc/avr/4.3.3/avr5\libgcc.a(_fpcmp_parts_sf.o)
                                0x163 (size before relaxing)

.debug_loc      0x00000000      0x7ce
 *(.debug_loc)
 .debug_loc     0x00000000       0x34 e:/es diploma/tools/imt_sdk_win_64/imt_sdk_win_64/winavr/bin/../lib/gcc/avr/4.3.3/avr5\libgcc.a(_fixunssfsi.o)
 .debug_loc     0x00000034      0x32a e:/es diploma/tools/imt_sdk_win_64/imt_sdk_win_64/winavr/bin/../lib/gcc/avr/4.3.3/avr5\libgcc.a(_addsub_sf.o)
 .debug_loc     0x0000035e      0x104 e:/es diploma/tools/imt_sdk_win_64/imt_sdk_win_64/winavr/bin/../lib/gcc/avr/4.3.3/avr5\libgcc.a(_mul_sf.o)
 .debug_loc     0x00000462       0x3c e:/es diploma/tools/imt_sdk_win_64/imt_sdk_win_64/winavr/bin/../lib/gcc/avr/4.3.3/avr5\libgcc.a(_gt_sf.o)
 .debug_loc     0x0000049e       0x3c e:/es diploma/tools/imt_sdk_win_64/imt_sdk_win_64/winavr/bin/../lib/gcc/avr/4.3.3/avr5\libgcc.a(_ge_sf.o)
 .debug_loc     0x000004da       0x3c e:/es diploma/tools/imt_sdk_win_64/imt_sdk_win_64/winavr/bin/../lib/gcc/avr/4.3.3/avr5\libgcc.a(_lt_sf.o)
 .debug_loc     0x00000516       0x7e e:/es diploma/tools/imt_sdk_win_64/imt_sdk_win_64/winavr/bin/../lib/gcc/avr/4.3.3/avr5\libgcc.a(_sf_to_si.o)
 .debug_loc     0x00000594      0x13e e:/es diploma/tools/imt_sdk_win_64/imt_sdk_win_64/winavr/bin/../lib/gcc/avr/4.3.3/avr5\libgcc.a(_pack_sf.o)
 .debug_loc     0x000006d2       0xac e:/es diploma/tools/imt_sdk_win_64/imt_sdk_win_64/winavr/bin/../lib/gcc/avr/4.3.3/avr5\libgcc.a(_unpack_sf.o)
 .debug_loc     0x0000077e       0x50 e:/es diploma/tools/imt_sdk_win_64/imt_sdk_win_64/winavr/bin/../lib/gcc/avr/4.3.3/avr5\libgcc.a(_fpcmp_parts_sf.o)

.debug_macinfo
 *(.debug_macinfo)
OUTPUT(Irrigation_system.elf elf32-avr)
LOAD linker stubs

.debug_ranges   0x00000000       0x50
 .debug_ranges  0x00000000       0x50 e:/es diploma/tools/imt_sdk_win_64/imt_sdk_win_64/winavr/bin/../lib/gcc/avr/4.3.3/avr5\libgcc.a(_mul_sf.o)
