Archive member included because of file (symbol)

e:/es diploma/tools/imt_sdk_win_64/imt_sdk_win_64/winavr/bin/../lib/gcc/avr/4.3.3/avr5\libgcc.a(_mulsi3.o)
                              ./HAL/LCD/LCD_prog.o (__mulsi3)
e:/es diploma/tools/imt_sdk_win_64/imt_sdk_win_64/winavr/bin/../lib/gcc/avr/4.3.3/avr5\libgcc.a(_divmodsi4.o)
                              ./HAL/LCD/LCD_prog.o (__divmodsi4)
e:/es diploma/tools/imt_sdk_win_64/imt_sdk_win_64/winavr/bin/../lib/gcc/avr/4.3.3/avr5\libgcc.a(_exit.o)
                              e:/es diploma/tools/imt_sdk_win_64/imt_sdk_win_64/winavr/bin/../lib/gcc/avr/4.3.3/../../../../avr/lib/avr5/crtm32.o (exit)
e:/es diploma/tools/imt_sdk_win_64/imt_sdk_win_64/winavr/bin/../lib/gcc/avr/4.3.3/avr5\libgcc.a(_copy_data.o)
                              ./HAL/KPAD/KPAD_porg.o (__do_copy_data)
e:/es diploma/tools/imt_sdk_win_64/imt_sdk_win_64/winavr/bin/../lib/gcc/avr/4.3.3/avr5\libgcc.a(_clear_bss.o)
                              ./MCAL/TIMERS/TIMER0/TIMER0_prog.o (__do_clear_bss)
e:/es diploma/tools/imt_sdk_win_64/imt_sdk_win_64/winavr/bin/../lib/gcc/avr/4.3.3/avr5\libgcc.a(_udivmodsi4.o)
                              e:/es diploma/tools/imt_sdk_win_64/imt_sdk_win_64/winavr/bin/../lib/gcc/avr/4.3.3/avr5\libgcc.a(_divmodsi4.o) (__udivmodsi4)

Memory Configuration

Name             Origin             Length             Attributes
text             0x00000000         0x00020000         xr
data             0x00800060         0x0000ffa0         rw !x
eeprom           0x00810000         0x00010000         rw !x
fuse             0x00820000         0x00000400         rw !x
lock             0x00830000         0x00000400         rw !x
signature        0x00840000         0x00000400         rw !x
*default*        0x00000000         0xffffffff

Linker script and memory map

LOAD e:/es diploma/tools/imt_sdk_win_64/imt_sdk_win_64/winavr/bin/../lib/gcc/avr/4.3.3/../../../../avr/lib/avr5/crtm32.o
LOAD ./MCAL/WD_TIMER/WD_TIMER_prog.o
LOAD ./MCAL/USART/USART_prog.o
LOAD ./MCAL/TIMERS/TIMER1/TIMER1_prog.o
LOAD ./MCAL/TIMERS/TIMER0/TIMER0_prog.o
LOAD ./MCAL/SPI/SPI_prog.o
LOAD ./MCAL/I2C/I2C_prog.o
LOAD ./MCAL/GIE/GIE_prog.o
LOAD ./MCAL/EXTI/EXTI_prog.o
LOAD ./MCAL/DIO/DIO_prog.o
LOAD ./MCAL/ADC/ADC_prog.o
LOAD ./HAL/SVN_SEGMENTS/SvnSeg_porg.o
LOAD ./HAL/LCD/LCD_prog.o
LOAD ./HAL/KPAD/KPAD_porg.o
LOAD ./HAL/H_BRIDGE/H_BRIDGE_prog.o
LOAD ./HAL/EEPROM/EEPROM_prog.o
LOAD ./main.o
LOAD e:/es diploma/tools/imt_sdk_win_64/imt_sdk_win_64/winavr/bin/../lib/gcc/avr/4.3.3/avr5\libgcc.a
LOAD e:/es diploma/tools/imt_sdk_win_64/imt_sdk_win_64/winavr/bin/../lib/gcc/avr/4.3.3/../../../../avr/lib/avr5\libc.a
LOAD e:/es diploma/tools/imt_sdk_win_64/imt_sdk_win_64/winavr/bin/../lib/gcc/avr/4.3.3/avr5\libgcc.a

.hash
 *(.hash)

.dynsym
 *(.dynsym)

.dynstr
 *(.dynstr)

.gnu.version
 *(.gnu.version)

.gnu.version_d
 *(.gnu.version_d)

.gnu.version_r
 *(.gnu.version_r)

.rel.init
 *(.rel.init)

.rela.init
 *(.rela.init)

.rel.text
 *(.rel.text)
 *(.rel.text.*)
 *(.rel.gnu.linkonce.t*)

.rela.text
 *(.rela.text)
 *(.rela.text.*)
 *(.rela.gnu.linkonce.t*)

.rel.fini
 *(.rel.fini)

.rela.fini
 *(.rela.fini)

.rel.rodata
 *(.rel.rodata)
 *(.rel.rodata.*)
 *(.rel.gnu.linkonce.r*)

.rela.rodata
 *(.rela.rodata)
 *(.rela.rodata.*)
 *(.rela.gnu.linkonce.r*)

.rel.data
 *(.rel.data)
 *(.rel.data.*)
 *(.rel.gnu.linkonce.d*)

.rela.data
 *(.rela.data)
 *(.rela.data.*)
 *(.rela.gnu.linkonce.d*)

.rel.ctors
 *(.rel.ctors)

.rela.ctors
 *(.rela.ctors)

.rel.dtors
 *(.rel.dtors)

.rela.dtors
 *(.rela.dtors)

.rel.got
 *(.rel.got)

.rela.got
 *(.rela.got)

.rel.bss
 *(.rel.bss)

.rela.bss
 *(.rela.bss)

.rel.plt
 *(.rel.plt)

.rela.plt
 *(.rela.plt)

.text           0x00000000      0xdcc
 *(.vectors)
 .vectors       0x00000000       0x54 e:/es diploma/tools/imt_sdk_win_64/imt_sdk_win_64/winavr/bin/../lib/gcc/avr/4.3.3/../../../../avr/lib/avr5/crtm32.o
                0x00000000                __vectors
                0x00000000                __vector_default
 *(.vectors)
 *(.progmem.gcc*)
 *(.progmem*)
                0x00000054                . = ALIGN (0x2)
                0x00000054                __trampolines_start = .
 *(.trampolines)
 .trampolines   0x00000054        0x0 linker stubs
 *(.trampolines*)
                0x00000054                __trampolines_end = .
 *(.jumptables)
 *(.jumptables*)
 *(.lowtext)
 *(.lowtext*)
                0x00000054                __ctors_start = .
 *(.ctors)
                0x00000054                __ctors_end = .
                0x00000054                __dtors_start = .
 *(.dtors)
                0x00000054                __dtors_end = .
 SORT(*)(.ctors)
 SORT(*)(.dtors)
 *(.init0)
 .init0         0x00000054        0x0 e:/es diploma/tools/imt_sdk_win_64/imt_sdk_win_64/winavr/bin/../lib/gcc/avr/4.3.3/../../../../avr/lib/avr5/crtm32.o
                0x00000054                __init
 *(.init0)
 *(.init1)
 *(.init1)
 *(.init2)
 .init2         0x00000054        0xc e:/es diploma/tools/imt_sdk_win_64/imt_sdk_win_64/winavr/bin/../lib/gcc/avr/4.3.3/../../../../avr/lib/avr5/crtm32.o
 *(.init2)
 *(.init3)
 *(.init3)
 *(.init4)
 .init4         0x00000060       0x16 e:/es diploma/tools/imt_sdk_win_64/imt_sdk_win_64/winavr/bin/../lib/gcc/avr/4.3.3/avr5\libgcc.a(_copy_data.o)
                0x00000060                __do_copy_data
 .init4         0x00000076       0x10 e:/es diploma/tools/imt_sdk_win_64/imt_sdk_win_64/winavr/bin/../lib/gcc/avr/4.3.3/avr5\libgcc.a(_clear_bss.o)
                0x00000076                __do_clear_bss
 *(.init4)
 *(.init5)
 *(.init5)
 *(.init6)
 *(.init6)
 *(.init7)
 *(.init7)
 *(.init8)
 *(.init8)
 *(.init9)
 .init9         0x00000086        0x8 e:/es diploma/tools/imt_sdk_win_64/imt_sdk_win_64/winavr/bin/../lib/gcc/avr/4.3.3/../../../../avr/lib/avr5/crtm32.o
 *(.init9)
 *(.text)
 .text          0x0000008e        0x4 e:/es diploma/tools/imt_sdk_win_64/imt_sdk_win_64/winavr/bin/../lib/gcc/avr/4.3.3/../../../../avr/lib/avr5/crtm32.o
                0x0000008e                __vector_1
                0x0000008e                __vector_12
                0x0000008e                __bad_interrupt
                0x0000008e                __vector_6
                0x0000008e                __vector_3
                0x0000008e                __vector_13
                0x0000008e                __vector_17
                0x0000008e                __vector_19
                0x0000008e                __vector_7
                0x0000008e                __vector_5
                0x0000008e                __vector_4
                0x0000008e                __vector_9
                0x0000008e                __vector_2
                0x0000008e                __vector_15
                0x0000008e                __vector_8
                0x0000008e                __vector_14
                0x0000008e                __vector_16
                0x0000008e                __vector_18
                0x0000008e                __vector_20
 .text          0x00000092        0x0 ./MCAL/WD_TIMER/WD_TIMER_prog.o
 .text          0x00000092        0x0 ./MCAL/USART/USART_prog.o
 .text          0x00000092        0x0 ./MCAL/TIMERS/TIMER1/TIMER1_prog.o
 .text          0x00000092        0x0 ./MCAL/TIMERS/TIMER0/TIMER0_prog.o
 .text          0x00000092        0x0 ./MCAL/SPI/SPI_prog.o
 .text          0x00000092        0x0 ./MCAL/I2C/I2C_prog.o
 .text          0x00000092        0x0 ./MCAL/GIE/GIE_prog.o
 .text          0x00000092        0x0 ./MCAL/EXTI/EXTI_prog.o
 .text          0x00000092        0x0 ./MCAL/DIO/DIO_prog.o
 .text          0x00000092        0x0 ./MCAL/ADC/ADC_prog.o
 .text          0x00000092        0x0 ./HAL/SVN_SEGMENTS/SvnSeg_porg.o
 .text          0x00000092        0x0 ./HAL/LCD/LCD_prog.o
 .text          0x00000092        0x0 ./HAL/KPAD/KPAD_porg.o
 .text          0x00000092        0x0 ./HAL/H_BRIDGE/H_BRIDGE_prog.o
 .text          0x00000092        0x0 ./HAL/EEPROM/EEPROM_prog.o
 .text          0x00000092        0x0 ./main.o
 .text          0x00000092        0x0 e:/es diploma/tools/imt_sdk_win_64/imt_sdk_win_64/winavr/bin/../lib/gcc/avr/4.3.3/avr5\libgcc.a(_mulsi3.o)
 .text          0x00000092        0x0 e:/es diploma/tools/imt_sdk_win_64/imt_sdk_win_64/winavr/bin/../lib/gcc/avr/4.3.3/avr5\libgcc.a(_divmodsi4.o)
 .text          0x00000092        0x0 e:/es diploma/tools/imt_sdk_win_64/imt_sdk_win_64/winavr/bin/../lib/gcc/avr/4.3.3/avr5\libgcc.a(_exit.o)
 .text          0x00000092        0x0 e:/es diploma/tools/imt_sdk_win_64/imt_sdk_win_64/winavr/bin/../lib/gcc/avr/4.3.3/avr5\libgcc.a(_copy_data.o)
 .text          0x00000092        0x0 e:/es diploma/tools/imt_sdk_win_64/imt_sdk_win_64/winavr/bin/../lib/gcc/avr/4.3.3/avr5\libgcc.a(_clear_bss.o)
 .text          0x00000092        0x0 e:/es diploma/tools/imt_sdk_win_64/imt_sdk_win_64/winavr/bin/../lib/gcc/avr/4.3.3/avr5\libgcc.a(_udivmodsi4.o)
                0x00000092                . = ALIGN (0x2)
 *(.text.*)
 .text.WDTCR_vdEnable
                0x00000092        0x8 ./MCAL/WD_TIMER/WD_TIMER_prog.o
                0x00000092                WDTCR_vdEnable
 .text.WDTCR_vdSetTime
                0x0000009a       0x14 ./MCAL/WD_TIMER/WD_TIMER_prog.o
                0x0000009a                WDTCR_vdSetTime
 .text.WDTCR_vdSleep
                0x000000ae        0x8 ./MCAL/WD_TIMER/WD_TIMER_prog.o
                0x000000ae                WDTCR_vdSleep
 .text.USART_vdInit
                0x000000b6       0x10 ./MCAL/USART/USART_prog.o
                0x000000b6                USART_vdInit
 .text.USART_vdSend
                0x000000c6        0x8 ./MCAL/USART/USART_prog.o
                0x000000c6                USART_vdSend
 .text.USART_vdRecieve
                0x000000ce        0x8 ./MCAL/USART/USART_prog.o
                0x000000ce                USART_vdRecieve
 .text.TIMER1_vdState
                0x000000d6       0x10 ./MCAL/TIMERS/TIMER1/TIMER1_prog.o
                0x000000d6                TIMER1_vdState
 .text.TIMER1_vdInit
                0x000000e6       0x2e ./MCAL/TIMERS/TIMER1/TIMER1_prog.o
                0x000000e6                TIMER1_vdInit
 .text.TIMER1_vdInterruptEnable
                0x00000114        0xa ./MCAL/TIMERS/TIMER1/TIMER1_prog.o
                0x00000114                TIMER1_vdInterruptEnable
 .text.TIMER1_vdInterruptDisable
                0x0000011e        0xc ./MCAL/TIMERS/TIMER1/TIMER1_prog.o
                0x0000011e                TIMER1_vdInterruptDisable
 .text.TIMER1_vdPreloading
                0x0000012a        0x4 ./MCAL/TIMERS/TIMER1/TIMER1_prog.o
                0x0000012a                TIMER1_vdPreloading
 .text.TIMER1_vdSetICRA
                0x0000012e        0x6 ./MCAL/TIMERS/TIMER1/TIMER1_prog.o
                0x0000012e                TIMER1_vdSetICRA
 .text.TIMER1_vdSetOCR1A
                0x00000134        0x6 ./MCAL/TIMERS/TIMER1/TIMER1_prog.o
                0x00000134                TIMER1_vdSetOCR1A
 .text.TIMER1_vdSetOCR1B
                0x0000013a        0x4 ./MCAL/TIMERS/TIMER1/TIMER1_prog.o
                0x0000013a                TIMER1_vdSetOCR1B
 .text.TIMER1_u8PoolFlag
                0x0000013e       0x1c ./MCAL/TIMERS/TIMER1/TIMER1_prog.o
                0x0000013e                TIMER1_u8PoolFlag
 .text.ICU_vdSelectEdge
                0x0000015a        0xc ./MCAL/TIMERS/TIMER1/TIMER1_prog.o
                0x0000015a                ICU_vdSelectEdge
 .text.ICU_GetValue
                0x00000166        0x8 ./MCAL/TIMERS/TIMER1/TIMER1_prog.o
                0x00000166                ICU_GetValue
 .text.TIMER0_vdState
                0x0000016e       0x1a ./MCAL/TIMERS/TIMER0/TIMER0_prog.o
                0x0000016e                TIMER0_vdState
 .text.TIMER0_vdInit
                0x00000188       0x26 ./MCAL/TIMERS/TIMER0/TIMER0_prog.o
                0x00000188                TIMER0_vdInit
 .text.TIMER0_vdPreloading
                0x000001ae        0x4 ./MCAL/TIMERS/TIMER0/TIMER0_prog.o
                0x000001ae                TIMER0_vdPreloading
 .text.TIMER0_vdOutputCompareValue
                0x000001b2        0x4 ./MCAL/TIMERS/TIMER0/TIMER0_prog.o
                0x000001b2                TIMER0_vdOutputCompareValue
 .text.TIMER0_vdInterruptEnable
                0x000001b6       0x14 ./MCAL/TIMERS/TIMER0/TIMER0_prog.o
                0x000001b6                TIMER0_vdInterruptEnable
 .text.TIMER0_vdInterruptDisable
                0x000001ca       0x1c ./MCAL/TIMERS/TIMER0/TIMER0_prog.o
                0x000001ca                TIMER0_vdInterruptDisable
 .text.TIMER0_u8PoolFlag
                0x000001e6       0x24 ./MCAL/TIMERS/TIMER0/TIMER0_prog.o
                0x000001e6                TIMER0_u8PoolFlag
 .text.TIMER0_vdOverFlowCallback
                0x0000020a        0xa ./MCAL/TIMERS/TIMER0/TIMER0_prog.o
                0x0000020a                TIMER0_vdOverFlowCallback
 .text.TIMER0_vdCompareMatchCallback
                0x00000214        0xa ./MCAL/TIMERS/TIMER0/TIMER0_prog.o
                0x00000214                TIMER0_vdCompareMatchCallback
 .text.__vector_11
                0x0000021e       0x4e ./MCAL/TIMERS/TIMER0/TIMER0_prog.o
                0x0000021e                __vector_11
 .text.__vector_10
                0x0000026c       0x4e ./MCAL/TIMERS/TIMER0/TIMER0_prog.o
                0x0000026c                __vector_10
 .text.SPI_vdInit
                0x000002ba       0x48 ./MCAL/SPI/SPI_prog.o
                0x000002ba                SPI_vdInit
 .text.SPI_vdDisable
                0x00000302        0x4 ./MCAL/SPI/SPI_prog.o
                0x00000302                SPI_vdDisable
 .text.SPI_u8MasterDataRW
                0x00000306        0x8 ./MCAL/SPI/SPI_prog.o
                0x00000306                SPI_u8MasterDataRW
 .text.SPI_u8SlaveDataRead
                0x0000030e        0x8 ./MCAL/SPI/SPI_prog.o
                0x0000030e                SPI_u8SlaveDataRead
 .text.SPI_vdSlaveDataWrite
                0x00000316        0x8 ./MCAL/SPI/SPI_prog.o
                0x00000316                SPI_vdSlaveDataWrite
 .text.SPI_vdInterruptEnable
                0x0000031e        0x4 ./MCAL/SPI/SPI_prog.o
                0x0000031e                SPI_vdInterruptEnable
 .text.SPI_vdInterruptDisable
                0x00000322        0x4 ./MCAL/SPI/SPI_prog.o
                0x00000322                SPI_vdInterruptDisable
 .text.TWI_vdInit
                0x00000326       0x1a ./MCAL/I2C/I2C_prog.o
                0x00000326                TWI_vdInit
 .text.TWI_u8StartCondition
                0x00000340       0x22 ./MCAL/I2C/I2C_prog.o
                0x00000340                TWI_u8StartCondition
 .text.TWI_u8RepeatedStartCondition
                0x00000362       0x22 ./MCAL/I2C/I2C_prog.o
                0x00000362                TWI_u8RepeatedStartCondition
 .text.TWI_u8StopCondition
                0x00000384       0x14 ./MCAL/I2C/I2C_prog.o
                0x00000384                TWI_u8StopCondition
 .text.TWI_vdMasterSendAddress
                0x00000398       0x42 ./MCAL/I2C/I2C_prog.o
                0x00000398                TWI_vdMasterSendAddress
 .text.TWI_u8MasterSendData
                0x000003da       0x28 ./MCAL/I2C/I2C_prog.o
                0x000003da                TWI_u8MasterSendData
 .text.TWI_u8MasterRecieveData
                0x00000402       0x2a ./MCAL/I2C/I2C_prog.o
                0x00000402                TWI_u8MasterRecieveData
 .text.TWI_vdAckEnable
                0x0000042c        0x8 ./MCAL/I2C/I2C_prog.o
                0x0000042c                TWI_vdAckEnable
 .text.TWI_vdAckDisable
                0x00000434        0x8 ./MCAL/I2C/I2C_prog.o
                0x00000434                TWI_vdAckDisable
 .text.GIE_vdEnable
                0x0000043c        0x8 ./MCAL/GIE/GIE_prog.o
                0x0000043c                GIE_vdEnable
 .text.GIE_vdDisable
                0x00000444        0x8 ./MCAL/GIE/GIE_prog.o
                0x00000444                GIE_vdDisable
 .text.EXT0_vdEnable
                0x0000044c       0x3e ./MCAL/EXTI/EXTI_prog.o
                0x0000044c                EXT0_vdEnable
 .text.EXT1_vdEnable
                0x0000048a       0x3e ./MCAL/EXTI/EXTI_prog.o
                0x0000048a                EXT1_vdEnable
 .text.EXT2_vdEnable
                0x000004c8       0x1e ./MCAL/EXTI/EXTI_prog.o
                0x000004c8                EXT2_vdEnable
 .text.EXT0_vdDisable
                0x000004e6        0x8 ./MCAL/EXTI/EXTI_prog.o
                0x000004e6                EXT0_vdDisable
 .text.EXT1_vdDisable
                0x000004ee        0x8 ./MCAL/EXTI/EXTI_prog.o
                0x000004ee                EXT1_vdDisable
 .text.EXT2_vdDisable
                0x000004f6        0x8 ./MCAL/EXTI/EXTI_prog.o
                0x000004f6                EXT2_vdDisable
 .text.DIO_u8SetPinDirection
                0x000004fe       0xe6 ./MCAL/DIO/DIO_prog.o
                0x000004fe                DIO_u8SetPinDirection
 .text.DIO_u8SetPinValue
                0x000005e4       0xe6 ./MCAL/DIO/DIO_prog.o
                0x000005e4                DIO_u8SetPinValue
 .text.DIO_u8GetPinValue
                0x000006ca       0x44 ./MCAL/DIO/DIO_prog.o
                0x000006ca                DIO_u8GetPinValue
 .text.DIO_u8SetPortDirection
                0x0000070e       0x22 ./MCAL/DIO/DIO_prog.o
                0x0000070e                DIO_u8SetPortDirection
 .text.DIO_u8SetPortValue
                0x00000730       0x22 ./MCAL/DIO/DIO_prog.o
                0x00000730                DIO_u8SetPortValue
 .text.DIO_u8GetPortValue
                0x00000752       0x28 ./MCAL/DIO/DIO_prog.o
                0x00000752                DIO_u8GetPortValue
 .text.ADC_u8State
                0x0000077a       0x12 ./MCAL/ADC/ADC_prog.o
                0x0000077a                ADC_u8State
 .text.ADC_u8Init
                0x0000078c       0x18 ./MCAL/ADC/ADC_prog.o
                0x0000078c                ADC_u8Init
 .text.ADC_ChannelSelect
                0x000007a4       0x12 ./MCAL/ADC/ADC_prog.o
                0x000007a4                ADC_ChannelSelect
 .text.ADC_u8StartConversion
                0x000007b6        0x4 ./MCAL/ADC/ADC_prog.o
                0x000007b6                ADC_u8StartConversion
 .text.ADC_u8AutoTriggerState
                0x000007ba       0x10 ./MCAL/ADC/ADC_prog.o
                0x000007ba                ADC_u8AutoTriggerState
 .text.ADC_u8AutoTriggerSource
                0x000007ca       0x1a ./MCAL/ADC/ADC_prog.o
                0x000007ca                ADC_u8AutoTriggerSource
 .text.ADC_u8ConversionCompleteInterruptState
                0x000007e4       0x10 ./MCAL/ADC/ADC_prog.o
                0x000007e4                ADC_u8ConversionCompleteInterruptState
 .text.ADC_u8GetReading
                0x000007f4       0x16 ./MCAL/ADC/ADC_prog.o
                0x000007f4                ADC_u8GetReading
 .text.LCD_u8ConvertPos
                0x0000080a       0x3c ./HAL/LCD/LCD_prog.o
                0x0000080a                LCD_u8ConvertPos
 .text.LCD_vdIntegerToString
                0x00000846      0x106 ./HAL/LCD/LCD_prog.o
                0x00000846                LCD_vdIntegerToString
 .text.LCD_vdSendCommand
                0x0000094c       0x40 ./HAL/LCD/LCD_prog.o
                0x0000094c                LCD_vdSendCommand
 .text.LCD_vdGotoX_Y
                0x0000098c        0xc ./HAL/LCD/LCD_prog.o
                0x0000098c                LCD_vdGotoX_Y
 .text.LCD_vdInit
                0x00000998       0x3e ./HAL/LCD/LCD_prog.o
                0x00000998                LCD_vdInit
 .text.LCD_vdSendData
                0x000009d6       0x40 ./HAL/LCD/LCD_prog.o
                0x000009d6                LCD_vdSendData
 .text.LCD_vdSendDataToPos
                0x00000a16       0x18 ./HAL/LCD/LCD_prog.o
                0x00000a16                LCD_vdSendDataToPos
 .text.LCD_vdSendString
                0x00000a2e       0x26 ./HAL/LCD/LCD_prog.o
                0x00000a2e                LCD_vdSendString
 .text.LCD_vdSendStringToPos
                0x00000a54       0x1c ./HAL/LCD/LCD_prog.o
                0x00000a54                LCD_vdSendStringToPos
 .text.KPAD_u8GetPressedKey
                0x00000a70      0x14c ./HAL/KPAD/KPAD_porg.o
                0x00000a70                KPAD_u8GetPressedKey
 .text.H_BRIDGE_vdAntiClockWise
                0x00000bbc       0x3c ./HAL/H_BRIDGE/H_BRIDGE_prog.o
                0x00000bbc                H_BRIDGE_vdAntiClockWise
 .text.H_BRIDGE_vdClockWise
                0x00000bf8       0x3c ./HAL/H_BRIDGE/H_BRIDGE_prog.o
                0x00000bf8                H_BRIDGE_vdClockWise
 .text.H_BRIDGE_vdStop
                0x00000c34       0x3c ./HAL/H_BRIDGE/H_BRIDGE_prog.o
                0x00000c34                H_BRIDGE_vdStop
 .text.EEPROM_vdReadData
                0x00000c70       0x68 ./HAL/EEPROM/EEPROM_prog.o
                0x00000c70                EEPROM_vdReadData
 .text.EEPROM_vdSendData
                0x00000cd8       0x32 ./HAL/EEPROM/EEPROM_prog.o
                0x00000cd8                EEPROM_vdSendData
 .text.main     0x00000d0a        0x6 ./main.o
                0x00000d0a                main
 .text.libgcc   0x00000d10       0x3e e:/es diploma/tools/imt_sdk_win_64/imt_sdk_win_64/winavr/bin/../lib/gcc/avr/4.3.3/avr5\libgcc.a(_mulsi3.o)
                0x00000d10                __mulsi3
 .text.libgcc   0x00000d4e       0x36 e:/es diploma/tools/imt_sdk_win_64/imt_sdk_win_64/winavr/bin/../lib/gcc/avr/4.3.3/avr5\libgcc.a(_divmodsi4.o)
                0x00000d4e                __divmodsi4
 .text.libgcc   0x00000d84        0x0 e:/es diploma/tools/imt_sdk_win_64/imt_sdk_win_64/winavr/bin/../lib/gcc/avr/4.3.3/avr5\libgcc.a(_exit.o)
 .text.libgcc   0x00000d84        0x0 e:/es diploma/tools/imt_sdk_win_64/imt_sdk_win_64/winavr/bin/../lib/gcc/avr/4.3.3/avr5\libgcc.a(_copy_data.o)
 .text.libgcc   0x00000d84        0x0 e:/es diploma/tools/imt_sdk_win_64/imt_sdk_win_64/winavr/bin/../lib/gcc/avr/4.3.3/avr5\libgcc.a(_clear_bss.o)
 .text.libgcc   0x00000d84       0x44 e:/es diploma/tools/imt_sdk_win_64/imt_sdk_win_64/winavr/bin/../lib/gcc/avr/4.3.3/avr5\libgcc.a(_udivmodsi4.o)
                0x00000d84                __udivmodsi4
                0x00000dc8                . = ALIGN (0x2)
 *(.fini9)
 .fini9         0x00000dc8        0x0 e:/es diploma/tools/imt_sdk_win_64/imt_sdk_win_64/winavr/bin/../lib/gcc/avr/4.3.3/avr5\libgcc.a(_exit.o)
                0x00000dc8                exit
                0x00000dc8                _exit
 *(.fini9)
 *(.fini8)
 *(.fini8)
 *(.fini7)
 *(.fini7)
 *(.fini6)
 *(.fini6)
 *(.fini5)
 *(.fini5)
 *(.fini4)
 *(.fini4)
 *(.fini3)
 *(.fini3)
 *(.fini2)
 *(.fini2)
 *(.fini1)
 *(.fini1)
 *(.fini0)
 .fini0         0x00000dc8        0x4 e:/es diploma/tools/imt_sdk_win_64/imt_sdk_win_64/winavr/bin/../lib/gcc/avr/4.3.3/avr5\libgcc.a(_exit.o)
 *(.fini0)
                0x00000dcc                _etext = .

.data           0x00800060       0x10 load address 0x00000dcc
                0x00800060                PROVIDE (__data_start, .)
 *(.data)
 .data          0x00800060        0x0 e:/es diploma/tools/imt_sdk_win_64/imt_sdk_win_64/winavr/bin/../lib/gcc/avr/4.3.3/../../../../avr/lib/avr5/crtm32.o
 .data          0x00800060        0x0 ./MCAL/WD_TIMER/WD_TIMER_prog.o
 .data          0x00800060        0x0 ./MCAL/USART/USART_prog.o
 .data          0x00800060        0x0 ./MCAL/TIMERS/TIMER1/TIMER1_prog.o
 .data          0x00800060        0x0 ./MCAL/TIMERS/TIMER0/TIMER0_prog.o
 .data          0x00800060        0x0 ./MCAL/SPI/SPI_prog.o
 .data          0x00800060        0x0 ./MCAL/I2C/I2C_prog.o
 .data          0x00800060        0x0 ./MCAL/GIE/GIE_prog.o
 .data          0x00800060        0x0 ./MCAL/EXTI/EXTI_prog.o
 .data          0x00800060        0x0 ./MCAL/DIO/DIO_prog.o
 .data          0x00800060        0x0 ./MCAL/ADC/ADC_prog.o
 .data          0x00800060        0x0 ./HAL/SVN_SEGMENTS/SvnSeg_porg.o
 .data          0x00800060        0x0 ./HAL/LCD/LCD_prog.o
 .data          0x00800060        0x0 ./HAL/KPAD/KPAD_porg.o
 .data          0x00800060        0x0 ./HAL/H_BRIDGE/H_BRIDGE_prog.o
 .data          0x00800060        0x0 ./HAL/EEPROM/EEPROM_prog.o
 .data          0x00800060        0x0 ./main.o
 .data          0x00800060        0x0 e:/es diploma/tools/imt_sdk_win_64/imt_sdk_win_64/winavr/bin/../lib/gcc/avr/4.3.3/avr5\libgcc.a(_mulsi3.o)
 .data          0x00800060        0x0 e:/es diploma/tools/imt_sdk_win_64/imt_sdk_win_64/winavr/bin/../lib/gcc/avr/4.3.3/avr5\libgcc.a(_divmodsi4.o)
 .data          0x00800060        0x0 e:/es diploma/tools/imt_sdk_win_64/imt_sdk_win_64/winavr/bin/../lib/gcc/avr/4.3.3/avr5\libgcc.a(_exit.o)
 .data          0x00800060        0x0 e:/es diploma/tools/imt_sdk_win_64/imt_sdk_win_64/winavr/bin/../lib/gcc/avr/4.3.3/avr5\libgcc.a(_copy_data.o)
 .data          0x00800060        0x0 e:/es diploma/tools/imt_sdk_win_64/imt_sdk_win_64/winavr/bin/../lib/gcc/avr/4.3.3/avr5\libgcc.a(_clear_bss.o)
 .data          0x00800060        0x0 e:/es diploma/tools/imt_sdk_win_64/imt_sdk_win_64/winavr/bin/../lib/gcc/avr/4.3.3/avr5\libgcc.a(_udivmodsi4.o)
 *(.data*)
 *(.rodata)
 *(.rodata*)
 .rodata.C.0.1256
                0x00800060       0x10 ./HAL/KPAD/KPAD_porg.o
 *(.gnu.linkonce.d*)
                0x00800070                . = ALIGN (0x2)
                0x00800070                _edata = .
                0x00800070                PROVIDE (__data_end, .)

.bss            0x00800070        0x4
                0x00800070                PROVIDE (__bss_start, .)
 *(.bss)
 .bss           0x00800070        0x0 e:/es diploma/tools/imt_sdk_win_64/imt_sdk_win_64/winavr/bin/../lib/gcc/avr/4.3.3/../../../../avr/lib/avr5/crtm32.o
 .bss           0x00800070        0x0 ./MCAL/WD_TIMER/WD_TIMER_prog.o
 .bss           0x00800070        0x0 ./MCAL/USART/USART_prog.o
 .bss           0x00800070        0x0 ./MCAL/TIMERS/TIMER1/TIMER1_prog.o
 .bss           0x00800070        0x0 ./MCAL/TIMERS/TIMER0/TIMER0_prog.o
 .bss           0x00800070        0x0 ./MCAL/SPI/SPI_prog.o
 .bss           0x00800070        0x0 ./MCAL/I2C/I2C_prog.o
 .bss           0x00800070        0x0 ./MCAL/GIE/GIE_prog.o
 .bss           0x00800070        0x0 ./MCAL/EXTI/EXTI_prog.o
 .bss           0x00800070        0x0 ./MCAL/DIO/DIO_prog.o
 .bss           0x00800070        0x0 ./MCAL/ADC/ADC_prog.o
 .bss           0x00800070        0x0 ./HAL/SVN_SEGMENTS/SvnSeg_porg.o
 .bss           0x00800070        0x0 ./HAL/LCD/LCD_prog.o
 .bss           0x00800070        0x0 ./HAL/KPAD/KPAD_porg.o
 .bss           0x00800070        0x0 ./HAL/H_BRIDGE/H_BRIDGE_prog.o
 .bss           0x00800070        0x0 ./HAL/EEPROM/EEPROM_prog.o
 .bss           0x00800070        0x0 ./main.o
 .bss           0x00800070        0x0 e:/es diploma/tools/imt_sdk_win_64/imt_sdk_win_64/winavr/bin/../lib/gcc/avr/4.3.3/avr5\libgcc.a(_mulsi3.o)
 .bss           0x00800070        0x0 e:/es diploma/tools/imt_sdk_win_64/imt_sdk_win_64/winavr/bin/../lib/gcc/avr/4.3.3/avr5\libgcc.a(_divmodsi4.o)
 .bss           0x00800070        0x0 e:/es diploma/tools/imt_sdk_win_64/imt_sdk_win_64/winavr/bin/../lib/gcc/avr/4.3.3/avr5\libgcc.a(_exit.o)
 .bss           0x00800070        0x0 e:/es diploma/tools/imt_sdk_win_64/imt_sdk_win_64/winavr/bin/../lib/gcc/avr/4.3.3/avr5\libgcc.a(_copy_data.o)
 .bss           0x00800070        0x0 e:/es diploma/tools/imt_sdk_win_64/imt_sdk_win_64/winavr/bin/../lib/gcc/avr/4.3.3/avr5\libgcc.a(_clear_bss.o)
 .bss           0x00800070        0x0 e:/es diploma/tools/imt_sdk_win_64/imt_sdk_win_64/winavr/bin/../lib/gcc/avr/4.3.3/avr5\libgcc.a(_udivmodsi4.o)
 *(.bss*)
 .bss.pFuncTOVCallback
                0x00800070        0x2 ./MCAL/TIMERS/TIMER0/TIMER0_prog.o
                0x00800070                pFuncTOVCallback
 .bss.pFuncOCFCallback
                0x00800072        0x2 ./MCAL/TIMERS/TIMER0/TIMER0_prog.o
                0x00800072                pFuncOCFCallback
 *(COMMON)
                0x00800074                PROVIDE (__bss_end, .)
                0x00000dcc                __data_load_start = LOADADDR (.data)
                0x00000ddc                __data_load_end = (__data_load_start + SIZEOF (.data))

.noinit         0x00800074        0x0
                0x00800074                PROVIDE (__noinit_start, .)
 *(.noinit*)
                0x00800074                PROVIDE (__noinit_end, .)
                0x00800074                _end = .
                0x00800074                PROVIDE (__heap_start, .)

.eeprom         0x00810000        0x0
 *(.eeprom*)
                0x00810000                __eeprom_end = .

.fuse
 *(.fuse)
 *(.lfuse)
 *(.hfuse)
 *(.efuse)

.lock
 *(.lock*)

.signature
 *(.signature*)

.stab
 *(.stab)

.stabstr
 *(.stabstr)

.stab.excl
 *(.stab.excl)

.stab.exclstr
 *(.stab.exclstr)

.stab.index
 *(.stab.index)

.stab.indexstr
 *(.stab.indexstr)

.comment
 *(.comment)

.debug
 *(.debug)

.line
 *(.line)

.debug_srcinfo
 *(.debug_srcinfo)

.debug_sfnames
 *(.debug_sfnames)

.debug_aranges
 *(.debug_aranges)

.debug_pubnames
 *(.debug_pubnames)

.debug_info
 *(.debug_info)
 *(.gnu.linkonce.wi.*)

.debug_abbrev
 *(.debug_abbrev)

.debug_line
 *(.debug_line)

.debug_frame
 *(.debug_frame)

.debug_str
 *(.debug_str)

.debug_loc
 *(.debug_loc)

.debug_macinfo
 *(.debug_macinfo)
OUTPUT(Irrigation_system.elf elf32-avr)
LOAD linker stubs
